&wit.Resolve{
    Worlds:     nil,
    Interfaces: {
        &wit.Interface{
            _typeOwner: wit._typeOwner{},
            _worldItem: wit._worldItem{},
            Name:       &"foo",
            TypeDefs:   {},
            Functions:  {
                "x": &wit.Function{
                    _worldItem: wit._worldItem{},
                    Name:       "x",
                    Kind:       &wit.Freestanding{},
                    Params:     nil,
                    Results:    nil,
                    Docs:       wit.Docs{},
                },
                "y": &wit.Function{
                    _worldItem: wit._worldItem{},
                    Name:       "y",
                    Kind:       &wit.Freestanding{},
                    Params:     nil,
                    Results:    nil,
                    Docs:       wit.Docs{},
                },
                "z": &wit.Function{
                    _worldItem: wit._worldItem{},
                    Name:       "z",
                    Kind:       &wit.Freestanding{},
                    Params:     nil,
                    Results:    nil,
                    Docs:       wit.Docs{},
                },
            },
            Package: &wit.Package{
                Name: wit.Ident{
                    Namespace: "foo",
                    Package:   "foo",
                    Extension: "",
                    Version:   (*semver.Version)(nil),
                },
                Interfaces: {
                    "foo": &wit.Interface{(CYCLIC REFERENCE)},
                },
                Worlds: {},
                Docs:   wit.Docs{},
            },
            Docs: wit.Docs{},
        },
    },
    TypeDefs: nil,
    Packages: {
        &wit.Package{
            Name: wit.Ident{
                Namespace: "foo",
                Package:   "foo",
                Extension: "",
                Version:   (*semver.Version)(nil),
            },
            Interfaces: {
                "foo": &wit.Interface{(CYCLIC REFERENCE)},
            },
            Worlds: {},
            Docs:   wit.Docs{},
        },
    },
}