&wit.Resolve{
    Worlds:     nil,
    Interfaces: {
        &wit.Interface{
            _typeOwner: wit._typeOwner{},
            _worldItem: wit._worldItem{},
            Name:       &"functions",
            TypeDefs:   {},
            Functions:  {
                "f1": &wit.Function{
                    _worldItem: wit._worldItem{},
                    Name:       "f1",
                    Kind:       &wit.Freestanding{},
                    Params:     nil,
                    Results:    nil,
                    Docs:       wit.Docs{},
                },
                "f10": &wit.Function{
                    _worldItem: wit._worldItem{},
                    Name:       "f10",
                    Kind:       &wit.Freestanding{},
                    Params:     nil,
                    Results:    {
                        {
                            Name: "u",
                            Type: wit.U32{},
                        },
                    },
                    Docs: wit.Docs{},
                },
                "f11": &wit.Function{
                    _worldItem: wit._worldItem{},
                    Name:       "f11",
                    Kind:       &wit.Freestanding{},
                    Params:     nil,
                    Results:    nil,
                    Docs:       wit.Docs{},
                },
                "f2": &wit.Function{
                    _worldItem: wit._worldItem{},
                    Name:       "f2",
                    Kind:       &wit.Freestanding{},
                    Params:     {
                        {
                            Name: "a",
                            Type: wit.U32{},
                        },
                    },
                    Results: nil,
                    Docs:    wit.Docs{},
                },
                "f3": &wit.Function{
                    _worldItem: wit._worldItem{},
                    Name:       "f3",
                    Kind:       &wit.Freestanding{},
                    Params:     {
                        {
                            Name: "a",
                            Type: wit.U32{},
                        },
                    },
                    Results: nil,
                    Docs:    wit.Docs{},
                },
                "f4": &wit.Function{
                    _worldItem: wit._worldItem{},
                    Name:       "f4",
                    Kind:       &wit.Freestanding{},
                    Params:     nil,
                    Results:    {
                        {
                            Name: "",
                            Type: wit.U32{},
                        },
                    },
                    Docs: wit.Docs{},
                },
                "f6": &wit.Function{
                    _worldItem: wit._worldItem{},
                    Name:       "f6",
                    Kind:       &wit.Freestanding{},
                    Params:     nil,
                    Results:    {
                        {
                            Name: "",
                            Type: &wit.TypeDef{
                                _type:      wit._type{},
                                _worldItem: wit._worldItem{},
                                Name:       (*string)(nil),
                                Kind:       &wit.Tuple{
                                    _typeDefKind: wit._typeDefKind{},
                                    Types:        {
                                        wit.U32{},
                                        wit.U32{},
                                    },
                                },
                                Owner: nil,
                                Docs:  wit.Docs{},
                            },
                        },
                    },
                    Docs: wit.Docs{},
                },
                "f7": &wit.Function{
                    _worldItem: wit._worldItem{},
                    Name:       "f7",
                    Kind:       &wit.Freestanding{},
                    Params:     {
                        {
                            Name: "a",
                            Type: wit.Float32{},
                        },
                        {
                            Name: "b",
                            Type: wit.Float32{},
                        },
                    },
                    Results: {
                        {
                            Name: "",
                            Type: &wit.TypeDef{
                                _type:      wit._type{},
                                _worldItem: wit._worldItem{},
                                Name:       (*string)(nil),
                                Kind:       &wit.Tuple{
                                    _typeDefKind: wit._typeDefKind{},
                                    Types:        {
                                        wit.U32{},
                                        wit.U32{},
                                    },
                                },
                                Owner: nil,
                                Docs:  wit.Docs{},
                            },
                        },
                    },
                    Docs: wit.Docs{},
                },
                "f8": &wit.Function{
                    _worldItem: wit._worldItem{},
                    Name:       "f8",
                    Kind:       &wit.Freestanding{},
                    Params:     {
                        {
                            Name: "a",
                            Type: &wit.TypeDef{
                                _type:      wit._type{},
                                _worldItem: wit._worldItem{},
                                Name:       (*string)(nil),
                                Kind:       &wit.Option{
                                    _typeDefKind: wit._typeDefKind{},
                                    Type:         wit.U32{},
                                },
                                Owner: nil,
                                Docs:  wit.Docs{},
                            },
                        },
                    },
                    Results: {
                        {
                            Name: "",
                            Type: &wit.TypeDef{
                                _type:      wit._type{},
                                _worldItem: wit._worldItem{},
                                Name:       (*string)(nil),
                                Kind:       &wit.Result{
                                    _typeDefKind: wit._typeDefKind{},
                                    OK:           wit.U32{},
                                    Err:          wit.Float32{},
                                },
                                Owner: nil,
                                Docs:  wit.Docs{},
                            },
                        },
                    },
                    Docs: wit.Docs{},
                },
                "f9": &wit.Function{
                    _worldItem: wit._worldItem{},
                    Name:       "f9",
                    Kind:       &wit.Freestanding{},
                    Params:     nil,
                    Results:    {
                        {
                            Name: "u",
                            Type: wit.U32{},
                        },
                        {
                            Name: "f",
                            Type: wit.Float32{},
                        },
                    },
                    Docs: wit.Docs{},
                },
            },
            Package: &wit.Package{
                Name: wit.Ident{
                    Namespace: "foo",
                    Package:   "functions",
                    Extension: "",
                    Version:   (*semver.Version)(nil),
                },
                Interfaces: {
                    "functions": &wit.Interface{(CYCLIC REFERENCE)},
                },
                Worlds: {},
                Docs:   wit.Docs{},
            },
            Docs: wit.Docs{},
        },
    },
    TypeDefs: {
        &wit.TypeDef{
            _type:      wit._type{},
            _worldItem: wit._worldItem{},
            Name:       (*string)(nil),
            Kind:       &wit.Tuple{
                _typeDefKind: wit._typeDefKind{},
                Types:        {
                    wit.U32{},
                    wit.U32{},
                },
            },
            Owner: nil,
            Docs:  wit.Docs{},
        },
        &wit.TypeDef{
            _type:      wit._type{},
            _worldItem: wit._worldItem{},
            Name:       (*string)(nil),
            Kind:       &wit.Option{
                _typeDefKind: wit._typeDefKind{},
                Type:         wit.U32{},
            },
            Owner: nil,
            Docs:  wit.Docs{},
        },
        &wit.TypeDef{
            _type:      wit._type{},
            _worldItem: wit._worldItem{},
            Name:       (*string)(nil),
            Kind:       &wit.Result{
                _typeDefKind: wit._typeDefKind{},
                OK:           wit.U32{},
                Err:          wit.Float32{},
            },
            Owner: nil,
            Docs:  wit.Docs{},
        },
    },
    Packages: {
        &wit.Package{
            Name: wit.Ident{
                Namespace: "foo",
                Package:   "functions",
                Extension: "",
                Version:   (*semver.Version)(nil),
            },
            Interfaces: {
                "functions": &wit.Interface{(CYCLIC REFERENCE)},
            },
            Worlds: {},
            Docs:   wit.Docs{},
        },
    },
}