&wit.Resolve{
    Worlds: {
        &wit.World{
            Name:    "foo",
            Imports: {
                "a": &wit.Function{
                    Name:       "a",
                    Kind:       &wit.Freestanding{},
                    Params:     nil,
                    Results:    nil,
                    Docs:       wit.Docs{},
                    _worldItem: wit._worldItem{},
                },
            },
            Exports: {},
            Package: &wit.Package{
                Name: wit.Ident{
                    Namespace: "foo",
                    Package:   "foo",
                    Extension: "",
                    Version:   (*semver.Version)(nil),
                    _node:     wit._node{},
                },
                Interfaces: {},
                Worlds:     {
                    "bar": &wit.World{
                        Name:    "bar",
                        Imports: {
                            "a": &wit.Function{
                                Name:       "a",
                                Kind:       &wit.Freestanding{(CYCLIC REFERENCE)},
                                Params:     nil,
                                Results:    nil,
                                Docs:       wit.Docs{},
                                _worldItem: wit._worldItem{},
                            },
                        },
                        Exports:    {},
                        Package:    &wit.Package{(CYCLIC REFERENCE)},
                        Docs:       wit.Docs{},
                        _typeOwner: wit._typeOwner{},
                    },
                    "baz": &wit.World{
                        Name:    "baz",
                        Imports: {
                            "a": &wit.Function{
                                Name:       "a",
                                Kind:       &wit.Freestanding{(CYCLIC REFERENCE)},
                                Params:     nil,
                                Results:    nil,
                                Docs:       wit.Docs{},
                                _worldItem: wit._worldItem{},
                            },
                            "b": &wit.Function{
                                Name:       "a",
                                Kind:       &wit.Freestanding{(CYCLIC REFERENCE)},
                                Params:     nil,
                                Results:    nil,
                                Docs:       wit.Docs{},
                                _worldItem: wit._worldItem{},
                            },
                        },
                        Exports:    {},
                        Package:    &wit.Package{(CYCLIC REFERENCE)},
                        Docs:       wit.Docs{},
                        _typeOwner: wit._typeOwner{},
                    },
                    "foo": &wit.World{(CYCLIC REFERENCE)},
                },
                Docs: wit.Docs{},
            },
            Docs:       wit.Docs{},
            _typeOwner: wit._typeOwner{},
        },
        &wit.World{
            Name:    "bar",
            Imports: {
                "a": &wit.Function{
                    Name:       "a",
                    Kind:       &wit.Freestanding{},
                    Params:     nil,
                    Results:    nil,
                    Docs:       wit.Docs{},
                    _worldItem: wit._worldItem{},
                },
            },
            Exports: {},
            Package: &wit.Package{
                Name: wit.Ident{
                    Namespace: "foo",
                    Package:   "foo",
                    Extension: "",
                    Version:   (*semver.Version)(nil),
                    _node:     wit._node{},
                },
                Interfaces: {},
                Worlds:     {
                    "bar": &wit.World{(CYCLIC REFERENCE)},
                    "baz": &wit.World{
                        Name:    "baz",
                        Imports: {
                            "a": &wit.Function{
                                Name:       "a",
                                Kind:       &wit.Freestanding{(CYCLIC REFERENCE)},
                                Params:     nil,
                                Results:    nil,
                                Docs:       wit.Docs{},
                                _worldItem: wit._worldItem{},
                            },
                            "b": &wit.Function{
                                Name:       "a",
                                Kind:       &wit.Freestanding{(CYCLIC REFERENCE)},
                                Params:     nil,
                                Results:    nil,
                                Docs:       wit.Docs{},
                                _worldItem: wit._worldItem{},
                            },
                        },
                        Exports:    {},
                        Package:    &wit.Package{(CYCLIC REFERENCE)},
                        Docs:       wit.Docs{},
                        _typeOwner: wit._typeOwner{},
                    },
                    "foo": &wit.World{(CYCLIC REFERENCE)},
                },
                Docs: wit.Docs{},
            },
            Docs:       wit.Docs{},
            _typeOwner: wit._typeOwner{},
        },
        &wit.World{
            Name:    "baz",
            Imports: {
                "a": &wit.Function{
                    Name:       "a",
                    Kind:       &wit.Freestanding{},
                    Params:     nil,
                    Results:    nil,
                    Docs:       wit.Docs{},
                    _worldItem: wit._worldItem{},
                },
                "b": &wit.Function{
                    Name:       "a",
                    Kind:       &wit.Freestanding{},
                    Params:     nil,
                    Results:    nil,
                    Docs:       wit.Docs{},
                    _worldItem: wit._worldItem{},
                },
            },
            Exports: {},
            Package: &wit.Package{
                Name: wit.Ident{
                    Namespace: "foo",
                    Package:   "foo",
                    Extension: "",
                    Version:   (*semver.Version)(nil),
                    _node:     wit._node{},
                },
                Interfaces: {},
                Worlds:     {
                    "bar": &wit.World{(CYCLIC REFERENCE)},
                    "baz": &wit.World{(CYCLIC REFERENCE)},
                    "foo": &wit.World{(CYCLIC REFERENCE)},
                },
                Docs: wit.Docs{},
            },
            Docs:       wit.Docs{},
            _typeOwner: wit._typeOwner{},
        },
    },
    Interfaces: nil,
    TypeDefs:   nil,
    Packages:   {
        &wit.Package{
            Name: wit.Ident{
                Namespace: "foo",
                Package:   "foo",
                Extension: "",
                Version:   (*semver.Version)(nil),
                _node:     wit._node{},
            },
            Interfaces: {},
            Worlds:     {
                "bar": &wit.World{(CYCLIC REFERENCE)},
                "baz": &wit.World{(CYCLIC REFERENCE)},
                "foo": &wit.World{(CYCLIC REFERENCE)},
            },
            Docs: wit.Docs{},
        },
    },
}