&wit.Resolve{
    Worlds:     nil,
    Interfaces: {
        &wit.Interface{
            Name:     &"foo",
            TypeDefs: {
                "a": &wit.TypeDef{
                    Name:       &"a",
                    Kind:       &wit.Resource{},
                    Owner:      &wit.Interface{(CYCLIC REFERENCE)},
                    Docs:       wit.Docs{},
                    _worldItem: wit._worldItem{},
                    _type:      wit._type{},
                },
            },
            Functions: {},
            Package:   &wit.Package{
                Name: wit.Ident{
                    Namespace: "some",
                    Package:   "dep",
                    Extension: "",
                    Version:   (*semver.Version)(nil),
                    _node:     wit._node{},
                },
                Interfaces: {
                    "foo": &wit.Interface{(CYCLIC REFERENCE)},
                },
                Worlds: {},
                Docs:   wit.Docs{},
            },
            Docs:       wit.Docs{},
            _typeOwner: wit._typeOwner{},
            _worldItem: wit._worldItem{},
        },
        &wit.Interface{
            Name:     &"foo",
            TypeDefs: {
                "a": &wit.TypeDef{
                    Name:       &"a",
                    Kind:       &wit.TypeDef{(CYCLIC REFERENCE)},
                    Owner:      &wit.Interface{(CYCLIC REFERENCE)},
                    Docs:       wit.Docs{},
                    _worldItem: wit._worldItem{},
                    _type:      wit._type{},
                },
                "t1": &wit.TypeDef{
                    Name:       &"t1",
                    Kind:       &wit.TypeDef{(CYCLIC REFERENCE)},
                    Owner:      &wit.Interface{(CYCLIC REFERENCE)},
                    Docs:       wit.Docs{},
                    _worldItem: wit._worldItem{},
                    _type:      wit._type{},
                },
                "t2": &wit.TypeDef{
                    Name: &"t2",
                    Kind: &wit.BorrowedHandle{
                        Type:    &wit.TypeDef{(CYCLIC REFERENCE)},
                        _handle: wit._handle{},
                    },
                    Owner:      &wit.Interface{(CYCLIC REFERENCE)},
                    Docs:       wit.Docs{},
                    _worldItem: wit._worldItem{},
                    _type:      wit._type{},
                },
                "t3": &wit.TypeDef{
                    Name: &"t3",
                    Kind: &wit.BorrowedHandle{
                        Type:    &wit.TypeDef{(CYCLIC REFERENCE)},
                        _handle: wit._handle{},
                    },
                    Owner:      &wit.Interface{(CYCLIC REFERENCE)},
                    Docs:       wit.Docs{},
                    _worldItem: wit._worldItem{},
                    _type:      wit._type{},
                },
            },
            Functions: {},
            Package:   &wit.Package{
                Name: wit.Ident{
                    Namespace: "foo",
                    Package:   "bar",
                    Extension: "",
                    Version:   (*semver.Version)(nil),
                    _node:     wit._node{},
                },
                Interfaces: {
                    "foo": &wit.Interface{(CYCLIC REFERENCE)},
                },
                Worlds: {},
                Docs:   wit.Docs{},
            },
            Docs:       wit.Docs{},
            _typeOwner: wit._typeOwner{},
            _worldItem: wit._worldItem{},
        },
    },
    TypeDefs: {
        &wit.TypeDef{
            Name:       &"a",
            Kind:       &wit.Resource{},
            Owner:      &wit.Interface{(CYCLIC REFERENCE)},
            Docs:       wit.Docs{},
            _worldItem: wit._worldItem{},
            _type:      wit._type{},
        },
        &wit.TypeDef{
            Name:       &"a",
            Kind:       &wit.TypeDef{(CYCLIC REFERENCE)},
            Owner:      &wit.Interface{(CYCLIC REFERENCE)},
            Docs:       wit.Docs{},
            _worldItem: wit._worldItem{},
            _type:      wit._type{},
        },
        &wit.TypeDef{
            Name:       &"t1",
            Kind:       &wit.TypeDef{(CYCLIC REFERENCE)},
            Owner:      &wit.Interface{(CYCLIC REFERENCE)},
            Docs:       wit.Docs{},
            _worldItem: wit._worldItem{},
            _type:      wit._type{},
        },
        &wit.TypeDef{
            Name: &"t2",
            Kind: &wit.BorrowedHandle{
                Type:    &wit.TypeDef{(CYCLIC REFERENCE)},
                _handle: wit._handle{},
            },
            Owner:      &wit.Interface{(CYCLIC REFERENCE)},
            Docs:       wit.Docs{},
            _worldItem: wit._worldItem{},
            _type:      wit._type{},
        },
        &wit.TypeDef{
            Name: &"t3",
            Kind: &wit.BorrowedHandle{
                Type:    &wit.TypeDef{(CYCLIC REFERENCE)},
                _handle: wit._handle{},
            },
            Owner:      &wit.Interface{(CYCLIC REFERENCE)},
            Docs:       wit.Docs{},
            _worldItem: wit._worldItem{},
            _type:      wit._type{},
        },
    },
    Packages: {
        &wit.Package{
            Name: wit.Ident{
                Namespace: "some",
                Package:   "dep",
                Extension: "",
                Version:   (*semver.Version)(nil),
                _node:     wit._node{},
            },
            Interfaces: {
                "foo": &wit.Interface{(CYCLIC REFERENCE)},
            },
            Worlds: {},
            Docs:   wit.Docs{},
        },
        &wit.Package{
            Name: wit.Ident{
                Namespace: "foo",
                Package:   "bar",
                Extension: "",
                Version:   (*semver.Version)(nil),
                _node:     wit._node{},
            },
            Interfaces: {
                "foo": &wit.Interface{(CYCLIC REFERENCE)},
            },
            Worlds: {},
            Docs:   wit.Docs{},
        },
    },
}