&wit.Resolve{
    Worlds:     nil,
    Interfaces: nil,
    TypeDefs:   nil,
    Packages:   {
        &wit.Package{
            Name: wit.PackageName{
                Namespace: "foo",
                Name:      "bar",
                Version:   (*semver.Version)(nil),
                _node:     wit._node{},
            },
            Interfaces: {},
            Worlds:     {},
            Docs:       wit.Docs{},
        },
    },
}