&wit.Resolve{
    Worlds:     nil,
    Interfaces: nil,
    TypeDefs:   nil,
    Packages:   {
        &wit.Package{
            Name: wit.Ident{
                Namespace: "foo",
                Package:   "bar",
                Extension: "",
                Version:   &semver.Version{Major:2, Minor:0, Patch:0, PreRelease:"", Metadata:""},
            },
            Interfaces: {},
            Worlds:     {},
            Docs:       wit.Docs{},
        },
    },
}