&wit.Resolve{
    Worlds: {
        &wit.World{
            Name:    "foo",
            Imports: {
                "foo": &wit.Interface{
                    Name:      (*string)(nil),
                    TypeDefs:  {},
                    Functions: {
                        "a": &wit.Function{
                            Name:    "a",
                            Kind:    &wit.Freestanding{},
                            Params:  nil,
                            Results: {
                                {
                                    Name: "",
                                    Type: &wit.TypeDef{
                                        Name: (*string)(nil),
                                        Kind: &wit.List{
                                            Type:         wit.U8{},
                                            _typeDefKind: wit._typeDefKind{},
                                        },
                                        Owner:      nil,
                                        Docs:       wit.Docs{},
                                        _worldItem: wit._worldItem{},
                                        _type:      wit._type{},
                                    },
                                },
                            },
                            Docs:       wit.Docs{},
                            _worldItem: wit._worldItem{},
                        },
                    },
                    Package: &wit.Package{
                        Name: wit.Ident{
                            Namespace: "foo",
                            Package:   "shared-items",
                            Extension: "",
                            Version:   (*semver.Version)(nil),
                            _node:     wit._node{},
                        },
                        Interfaces: {},
                        Worlds:     {
                            "foo": &wit.World{(CYCLIC REFERENCE)},
                        },
                        Docs: wit.Docs{},
                    },
                    Docs:       wit.Docs{},
                    _typeOwner: wit._typeOwner{},
                    _worldItem: wit._worldItem{},
                },
            },
            Exports: {
                "bar": &wit.Interface{
                    Name:      (*string)(nil),
                    TypeDefs:  {},
                    Functions: {
                        "a": &wit.Function{
                            Name:    "a",
                            Kind:    &wit.Freestanding{},
                            Params:  nil,
                            Results: {
                                {
                                    Name: "",
                                    Type: &wit.TypeDef{
                                        Name: (*string)(nil),
                                        Kind: &wit.Tuple{
                                            Types: {
                                                &wit.TypeDef{(CYCLIC REFERENCE)},
                                            },
                                            _typeDefKind: wit._typeDefKind{},
                                        },
                                        Owner:      nil,
                                        Docs:       wit.Docs{},
                                        _worldItem: wit._worldItem{},
                                        _type:      wit._type{},
                                    },
                                },
                            },
                            Docs:       wit.Docs{},
                            _worldItem: wit._worldItem{},
                        },
                    },
                    Package: &wit.Package{
                        Name: wit.Ident{
                            Namespace: "foo",
                            Package:   "shared-items",
                            Extension: "",
                            Version:   (*semver.Version)(nil),
                            _node:     wit._node{},
                        },
                        Interfaces: {},
                        Worlds:     {
                            "foo": &wit.World{(CYCLIC REFERENCE)},
                        },
                        Docs: wit.Docs{},
                    },
                    Docs:       wit.Docs{},
                    _typeOwner: wit._typeOwner{},
                    _worldItem: wit._worldItem{},
                },
            },
            Package: &wit.Package{
                Name: wit.Ident{
                    Namespace: "foo",
                    Package:   "shared-items",
                    Extension: "",
                    Version:   (*semver.Version)(nil),
                    _node:     wit._node{},
                },
                Interfaces: {},
                Worlds:     {
                    "foo": &wit.World{(CYCLIC REFERENCE)},
                },
                Docs: wit.Docs{},
            },
            Docs:       wit.Docs{},
            _typeOwner: wit._typeOwner{},
        },
    },
    Interfaces: {
        &wit.Interface{
            Name:      (*string)(nil),
            TypeDefs:  {},
            Functions: {
                "a": &wit.Function{
                    Name:    "a",
                    Kind:    &wit.Freestanding{},
                    Params:  nil,
                    Results: {
                        {
                            Name: "",
                            Type: &wit.TypeDef{
                                Name: (*string)(nil),
                                Kind: &wit.List{
                                    Type:         wit.U8{},
                                    _typeDefKind: wit._typeDefKind{},
                                },
                                Owner:      nil,
                                Docs:       wit.Docs{},
                                _worldItem: wit._worldItem{},
                                _type:      wit._type{},
                            },
                        },
                    },
                    Docs:       wit.Docs{},
                    _worldItem: wit._worldItem{},
                },
            },
            Package: &wit.Package{
                Name: wit.Ident{
                    Namespace: "foo",
                    Package:   "shared-items",
                    Extension: "",
                    Version:   (*semver.Version)(nil),
                    _node:     wit._node{},
                },
                Interfaces: {},
                Worlds:     {
                    "foo": &wit.World{(CYCLIC REFERENCE)},
                },
                Docs: wit.Docs{},
            },
            Docs:       wit.Docs{},
            _typeOwner: wit._typeOwner{},
            _worldItem: wit._worldItem{},
        },
        &wit.Interface{
            Name:      (*string)(nil),
            TypeDefs:  {},
            Functions: {
                "a": &wit.Function{
                    Name:    "a",
                    Kind:    &wit.Freestanding{},
                    Params:  nil,
                    Results: {
                        {
                            Name: "",
                            Type: &wit.TypeDef{
                                Name: (*string)(nil),
                                Kind: &wit.Tuple{
                                    Types: {
                                        &wit.TypeDef{(CYCLIC REFERENCE)},
                                    },
                                    _typeDefKind: wit._typeDefKind{},
                                },
                                Owner:      nil,
                                Docs:       wit.Docs{},
                                _worldItem: wit._worldItem{},
                                _type:      wit._type{},
                            },
                        },
                    },
                    Docs:       wit.Docs{},
                    _worldItem: wit._worldItem{},
                },
            },
            Package: &wit.Package{
                Name: wit.Ident{
                    Namespace: "foo",
                    Package:   "shared-items",
                    Extension: "",
                    Version:   (*semver.Version)(nil),
                    _node:     wit._node{},
                },
                Interfaces: {},
                Worlds:     {
                    "foo": &wit.World{(CYCLIC REFERENCE)},
                },
                Docs: wit.Docs{},
            },
            Docs:       wit.Docs{},
            _typeOwner: wit._typeOwner{},
            _worldItem: wit._worldItem{},
        },
    },
    TypeDefs: {
        &wit.TypeDef{
            Name: (*string)(nil),
            Kind: &wit.List{
                Type:         wit.U8{},
                _typeDefKind: wit._typeDefKind{},
            },
            Owner:      nil,
            Docs:       wit.Docs{},
            _worldItem: wit._worldItem{},
            _type:      wit._type{},
        },
        &wit.TypeDef{
            Name: (*string)(nil),
            Kind: &wit.Tuple{
                Types: {
                    &wit.TypeDef{(CYCLIC REFERENCE)},
                },
                _typeDefKind: wit._typeDefKind{},
            },
            Owner:      nil,
            Docs:       wit.Docs{},
            _worldItem: wit._worldItem{},
            _type:      wit._type{},
        },
    },
    Packages: {
        &wit.Package{
            Name: wit.Ident{
                Namespace: "foo",
                Package:   "shared-items",
                Extension: "",
                Version:   (*semver.Version)(nil),
                _node:     wit._node{},
            },
            Interfaces: {},
            Worlds:     {
                "foo": &wit.World{(CYCLIC REFERENCE)},
            },
            Docs: wit.Docs{},
        },
    },
}