&wit.Resolve{
    Worlds: {
        &wit.World{
            _typeOwner: wit._typeOwner{},
            Name:       "w",
            Imports:    {
                "foo": &wit.Function{
                    _worldItem: wit._worldItem{},
                    Name:       "foo",
                    Kind:       &wit.Freestanding{},
                    Params:     nil,
                    Results:    {
                        {
                            Name: "",
                            Type: &wit.TypeDef{
                                _type:      wit._type{},
                                _worldItem: wit._worldItem{},
                                Name:       &"g",
                                Kind:       &wit.TypeDef{
                                    _type:      wit._type{},
                                    _worldItem: wit._worldItem{},
                                    Name:       &"g",
                                    Kind:       wit.Char{},
                                    Owner:      &wit.Interface{
                                        _typeOwner: wit._typeOwner{},
                                        _worldItem: wit._worldItem{},
                                        Name:       &"foo",
                                        TypeDefs:   {
                                            "g": &wit.TypeDef{(CYCLIC REFERENCE)},
                                        },
                                        Functions: {},
                                        Package:   &wit.Package{
                                            Name: wit.Ident{
                                                Namespace: "foo",
                                                Package:   "foo",
                                                Extension: "",
                                                Version:   (*semver.Version)(nil),
                                            },
                                            Interfaces: {
                                                "foo": &wit.Interface{(CYCLIC REFERENCE)},
                                            },
                                            Worlds: {
                                                "w": &wit.World{(CYCLIC REFERENCE)},
                                            },
                                            Docs: wit.Docs{},
                                        },
                                        Docs: wit.Docs{},
                                    },
                                    Docs: wit.Docs{},
                                },
                                Owner: &wit.World{(CYCLIC REFERENCE)},
                                Docs:  wit.Docs{},
                            },
                        },
                    },
                    Docs: wit.Docs{},
                },
                "g": &wit.TypeDef{
                    _type:      wit._type{},
                    _worldItem: wit._worldItem{},
                    Name:       &"g",
                    Kind:       &wit.TypeDef{
                        _type:      wit._type{},
                        _worldItem: wit._worldItem{},
                        Name:       &"g",
                        Kind:       wit.Char{},
                        Owner:      &wit.Interface{
                            _typeOwner: wit._typeOwner{},
                            _worldItem: wit._worldItem{},
                            Name:       &"foo",
                            TypeDefs:   {
                                "g": &wit.TypeDef{(CYCLIC REFERENCE)},
                            },
                            Functions: {},
                            Package:   &wit.Package{
                                Name: wit.Ident{
                                    Namespace: "foo",
                                    Package:   "foo",
                                    Extension: "",
                                    Version:   (*semver.Version)(nil),
                                },
                                Interfaces: {
                                    "foo": &wit.Interface{(CYCLIC REFERENCE)},
                                },
                                Worlds: {
                                    "w": &wit.World{(CYCLIC REFERENCE)},
                                },
                                Docs: wit.Docs{},
                            },
                            Docs: wit.Docs{},
                        },
                        Docs: wit.Docs{},
                    },
                    Owner: &wit.World{(CYCLIC REFERENCE)},
                    Docs:  wit.Docs{},
                },
                "interface-0": &wit.Interface{
                    _typeOwner: wit._typeOwner{},
                    _worldItem: wit._worldItem{},
                    Name:       &"foo",
                    TypeDefs:   {
                        "g": &wit.TypeDef{
                            _type:      wit._type{},
                            _worldItem: wit._worldItem{},
                            Name:       &"g",
                            Kind:       wit.Char{},
                            Owner:      &wit.Interface{(CYCLIC REFERENCE)},
                            Docs:       wit.Docs{},
                        },
                    },
                    Functions: {},
                    Package:   &wit.Package{
                        Name: wit.Ident{
                            Namespace: "foo",
                            Package:   "foo",
                            Extension: "",
                            Version:   (*semver.Version)(nil),
                        },
                        Interfaces: {
                            "foo": &wit.Interface{(CYCLIC REFERENCE)},
                        },
                        Worlds: {
                            "w": &wit.World{(CYCLIC REFERENCE)},
                        },
                        Docs: wit.Docs{},
                    },
                    Docs: wit.Docs{},
                },
            },
            Exports: {},
            Package: &wit.Package{
                Name: wit.Ident{
                    Namespace: "foo",
                    Package:   "foo",
                    Extension: "",
                    Version:   (*semver.Version)(nil),
                },
                Interfaces: {
                    "foo": &wit.Interface{
                        _typeOwner: wit._typeOwner{},
                        _worldItem: wit._worldItem{},
                        Name:       &"foo",
                        TypeDefs:   {
                            "g": &wit.TypeDef{
                                _type:      wit._type{},
                                _worldItem: wit._worldItem{},
                                Name:       &"g",
                                Kind:       wit.Char{},
                                Owner:      &wit.Interface{(CYCLIC REFERENCE)},
                                Docs:       wit.Docs{},
                            },
                        },
                        Functions: {},
                        Package:   &wit.Package{(CYCLIC REFERENCE)},
                        Docs:      wit.Docs{},
                    },
                },
                Worlds: {
                    "w": &wit.World{(CYCLIC REFERENCE)},
                },
                Docs: wit.Docs{},
            },
            Docs: wit.Docs{},
        },
    },
    Interfaces: {
        &wit.Interface{
            _typeOwner: wit._typeOwner{},
            _worldItem: wit._worldItem{},
            Name:       &"foo",
            TypeDefs:   {
                "g": &wit.TypeDef{
                    _type:      wit._type{},
                    _worldItem: wit._worldItem{},
                    Name:       &"g",
                    Kind:       wit.Char{},
                    Owner:      &wit.Interface{(CYCLIC REFERENCE)},
                    Docs:       wit.Docs{},
                },
            },
            Functions: {},
            Package:   &wit.Package{
                Name: wit.Ident{
                    Namespace: "foo",
                    Package:   "foo",
                    Extension: "",
                    Version:   (*semver.Version)(nil),
                },
                Interfaces: {
                    "foo": &wit.Interface{(CYCLIC REFERENCE)},
                },
                Worlds: {
                    "w": &wit.World{(CYCLIC REFERENCE)},
                },
                Docs: wit.Docs{},
            },
            Docs: wit.Docs{},
        },
    },
    TypeDefs: {
        &wit.TypeDef{
            _type:      wit._type{},
            _worldItem: wit._worldItem{},
            Name:       &"g",
            Kind:       wit.Char{},
            Owner:      &wit.Interface{(CYCLIC REFERENCE)},
            Docs:       wit.Docs{},
        },
        &wit.TypeDef{
            _type:      wit._type{},
            _worldItem: wit._worldItem{},
            Name:       &"g",
            Kind:       &wit.TypeDef{(CYCLIC REFERENCE)},
            Owner:      &wit.World{(CYCLIC REFERENCE)},
            Docs:       wit.Docs{},
        },
    },
    Packages: {
        &wit.Package{
            Name: wit.Ident{
                Namespace: "foo",
                Package:   "foo",
                Extension: "",
                Version:   (*semver.Version)(nil),
            },
            Interfaces: {
                "foo": &wit.Interface{(CYCLIC REFERENCE)},
            },
            Worlds: {
                "w": &wit.World{(CYCLIC REFERENCE)},
            },
            Docs: wit.Docs{},
        },
    },
}