&wit.Resolve{
    Worlds: {
        &wit.World{
            Name:    "the-world",
            Imports: {
                "bar": &wit.Interface{
                    Name:     (*string)(nil),
                    TypeDefs: {
                        "a": &wit.TypeDef{
                            Name: &"a",
                            Kind: &wit.TypeDef{
                                Name:  &"a",
                                Kind:  wit.U32{},
                                Owner: &wit.Interface{
                                    Name:     &"foo",
                                    TypeDefs: {
                                        "a": &wit.TypeDef{(CYCLIC REFERENCE)},
                                    },
                                    Functions: {},
                                    Package:   &wit.Package{
                                        Name: wit.Ident{
                                            Namespace: "foo",
                                            Package:   "foo",
                                            Extension: "",
                                            Version:   (*semver.Version)(nil),
                                            _node:     wit._node{},
                                        },
                                        Interfaces: {
                                            "foo": &wit.Interface{(CYCLIC REFERENCE)},
                                        },
                                        Worlds: {
                                            "the-world": &wit.World{(CYCLIC REFERENCE)},
                                        },
                                        Docs: wit.Docs{},
                                    },
                                    Docs:       wit.Docs{},
                                    _typeOwner: wit._typeOwner{},
                                    _worldItem: wit._worldItem{},
                                },
                                Docs:       wit.Docs{},
                                _worldItem: wit._worldItem{},
                                _type:      wit._type{},
                            },
                            Owner:      &wit.Interface{(CYCLIC REFERENCE)},
                            Docs:       wit.Docs{},
                            _worldItem: wit._worldItem{},
                            _type:      wit._type{},
                        },
                    },
                    Functions: {},
                    Package:   &wit.Package{
                        Name: wit.Ident{
                            Namespace: "foo",
                            Package:   "foo",
                            Extension: "",
                            Version:   (*semver.Version)(nil),
                            _node:     wit._node{},
                        },
                        Interfaces: {
                            "foo": &wit.Interface{
                                Name:     &"foo",
                                TypeDefs: {
                                    "a": &wit.TypeDef{(CYCLIC REFERENCE)},
                                },
                                Functions:  {},
                                Package:    &wit.Package{(CYCLIC REFERENCE)},
                                Docs:       wit.Docs{},
                                _typeOwner: wit._typeOwner{},
                                _worldItem: wit._worldItem{},
                            },
                        },
                        Worlds: {
                            "the-world": &wit.World{(CYCLIC REFERENCE)},
                        },
                        Docs: wit.Docs{},
                    },
                    Docs:       wit.Docs{},
                    _typeOwner: wit._typeOwner{},
                    _worldItem: wit._worldItem{},
                },
                "foo": &wit.Interface{
                    Name:      (*string)(nil),
                    TypeDefs:  {},
                    Functions: {},
                    Package:   &wit.Package{
                        Name: wit.Ident{
                            Namespace: "foo",
                            Package:   "foo",
                            Extension: "",
                            Version:   (*semver.Version)(nil),
                            _node:     wit._node{},
                        },
                        Interfaces: {
                            "foo": &wit.Interface{
                                Name:     &"foo",
                                TypeDefs: {
                                    "a": &wit.TypeDef{(CYCLIC REFERENCE)},
                                },
                                Functions:  {},
                                Package:    &wit.Package{(CYCLIC REFERENCE)},
                                Docs:       wit.Docs{},
                                _typeOwner: wit._typeOwner{},
                                _worldItem: wit._worldItem{},
                            },
                        },
                        Worlds: {
                            "the-world": &wit.World{(CYCLIC REFERENCE)},
                        },
                        Docs: wit.Docs{},
                    },
                    Docs:       wit.Docs{},
                    _typeOwner: wit._typeOwner{},
                    _worldItem: wit._worldItem{},
                },
                "interface-0": &wit.Interface{
                    Name:     &"foo",
                    TypeDefs: {
                        "a": &wit.TypeDef{
                            Name:       &"a",
                            Kind:       wit.U32{},
                            Owner:      &wit.Interface{(CYCLIC REFERENCE)},
                            Docs:       wit.Docs{},
                            _worldItem: wit._worldItem{},
                            _type:      wit._type{},
                        },
                    },
                    Functions: {},
                    Package:   &wit.Package{
                        Name: wit.Ident{
                            Namespace: "foo",
                            Package:   "foo",
                            Extension: "",
                            Version:   (*semver.Version)(nil),
                            _node:     wit._node{},
                        },
                        Interfaces: {
                            "foo": &wit.Interface{(CYCLIC REFERENCE)},
                        },
                        Worlds: {
                            "the-world": &wit.World{(CYCLIC REFERENCE)},
                        },
                        Docs: wit.Docs{},
                    },
                    Docs:       wit.Docs{},
                    _typeOwner: wit._typeOwner{},
                    _worldItem: wit._worldItem{},
                },
            },
            Exports: {},
            Package: &wit.Package{
                Name: wit.Ident{
                    Namespace: "foo",
                    Package:   "foo",
                    Extension: "",
                    Version:   (*semver.Version)(nil),
                    _node:     wit._node{},
                },
                Interfaces: {
                    "foo": &wit.Interface{
                        Name:     &"foo",
                        TypeDefs: {
                            "a": &wit.TypeDef{
                                Name:       &"a",
                                Kind:       wit.U32{},
                                Owner:      &wit.Interface{(CYCLIC REFERENCE)},
                                Docs:       wit.Docs{},
                                _worldItem: wit._worldItem{},
                                _type:      wit._type{},
                            },
                        },
                        Functions:  {},
                        Package:    &wit.Package{(CYCLIC REFERENCE)},
                        Docs:       wit.Docs{},
                        _typeOwner: wit._typeOwner{},
                        _worldItem: wit._worldItem{},
                    },
                },
                Worlds: {
                    "the-world": &wit.World{(CYCLIC REFERENCE)},
                },
                Docs: wit.Docs{},
            },
            Docs:       wit.Docs{},
            _typeOwner: wit._typeOwner{},
        },
    },
    Interfaces: {
        &wit.Interface{
            Name:     &"foo",
            TypeDefs: {
                "a": &wit.TypeDef{
                    Name:       &"a",
                    Kind:       wit.U32{},
                    Owner:      &wit.Interface{(CYCLIC REFERENCE)},
                    Docs:       wit.Docs{},
                    _worldItem: wit._worldItem{},
                    _type:      wit._type{},
                },
            },
            Functions: {},
            Package:   &wit.Package{
                Name: wit.Ident{
                    Namespace: "foo",
                    Package:   "foo",
                    Extension: "",
                    Version:   (*semver.Version)(nil),
                    _node:     wit._node{},
                },
                Interfaces: {
                    "foo": &wit.Interface{(CYCLIC REFERENCE)},
                },
                Worlds: {
                    "the-world": &wit.World{(CYCLIC REFERENCE)},
                },
                Docs: wit.Docs{},
            },
            Docs:       wit.Docs{},
            _typeOwner: wit._typeOwner{},
            _worldItem: wit._worldItem{},
        },
        &wit.Interface{
            Name:     (*string)(nil),
            TypeDefs: {
                "a": &wit.TypeDef{
                    Name:       &"a",
                    Kind:       &wit.TypeDef{(CYCLIC REFERENCE)},
                    Owner:      &wit.Interface{(CYCLIC REFERENCE)},
                    Docs:       wit.Docs{},
                    _worldItem: wit._worldItem{},
                    _type:      wit._type{},
                },
            },
            Functions: {},
            Package:   &wit.Package{
                Name: wit.Ident{
                    Namespace: "foo",
                    Package:   "foo",
                    Extension: "",
                    Version:   (*semver.Version)(nil),
                    _node:     wit._node{},
                },
                Interfaces: {
                    "foo": &wit.Interface{(CYCLIC REFERENCE)},
                },
                Worlds: {
                    "the-world": &wit.World{(CYCLIC REFERENCE)},
                },
                Docs: wit.Docs{},
            },
            Docs:       wit.Docs{},
            _typeOwner: wit._typeOwner{},
            _worldItem: wit._worldItem{},
        },
        &wit.Interface{
            Name:      (*string)(nil),
            TypeDefs:  {},
            Functions: {},
            Package:   &wit.Package{
                Name: wit.Ident{
                    Namespace: "foo",
                    Package:   "foo",
                    Extension: "",
                    Version:   (*semver.Version)(nil),
                    _node:     wit._node{},
                },
                Interfaces: {
                    "foo": &wit.Interface{(CYCLIC REFERENCE)},
                },
                Worlds: {
                    "the-world": &wit.World{(CYCLIC REFERENCE)},
                },
                Docs: wit.Docs{},
            },
            Docs:       wit.Docs{},
            _typeOwner: wit._typeOwner{},
            _worldItem: wit._worldItem{},
        },
    },
    TypeDefs: {
        &wit.TypeDef{
            Name:       &"a",
            Kind:       wit.U32{},
            Owner:      &wit.Interface{(CYCLIC REFERENCE)},
            Docs:       wit.Docs{},
            _worldItem: wit._worldItem{},
            _type:      wit._type{},
        },
        &wit.TypeDef{
            Name:       &"a",
            Kind:       &wit.TypeDef{(CYCLIC REFERENCE)},
            Owner:      &wit.Interface{(CYCLIC REFERENCE)},
            Docs:       wit.Docs{},
            _worldItem: wit._worldItem{},
            _type:      wit._type{},
        },
    },
    Packages: {
        &wit.Package{
            Name: wit.Ident{
                Namespace: "foo",
                Package:   "foo",
                Extension: "",
                Version:   (*semver.Version)(nil),
                _node:     wit._node{},
            },
            Interfaces: {
                "foo": &wit.Interface{(CYCLIC REFERENCE)},
            },
            Worlds: {
                "the-world": &wit.World{(CYCLIC REFERENCE)},
            },
            Docs: wit.Docs{},
        },
    },
}