&wit.Resolve{
  Worlds: []*wit.World{
    &wit.World{
      Name:    "imports",
      Imports: map[string]wit.WorldItem{
        "interface-0": &wit.Interface{
          Name:      &"insecure-seed",
          TypeDefs:  map[string]*wit.TypeDef{},
          Functions: map[string]*wit.Function{
            "insecure-seed": &wit.Function{
              Name:    "insecure-seed",
              Kind:    &wit.Freestanding{},
              Params:  []wit.Param(nil),
              Results: []wit.Param{
                wit.Param{
                  Name: "",
                  Type: &wit.TypeDef{
                    Name: (*string)(nil),
                    Kind: &wit.Tuple{
                      Types: []wit.Type{
                        wit.U64{},
                        wit.U64{},
                      },
                    },
                    Owner: nil,
                    Docs:  wit.Docs{
                      Contents: "",
                    },
                  },
                },
              },
              Docs: wit.Docs{
                Contents: "",
              },
            },
          },
          Package: &wit.Package{
            Name: wit.PackageName{
              Namespace: "wasi",
              Name:      "random",
              Version:   (*semver.Version)(nil),
            },
            Interfaces: map[string]*wit.Interface{
              "insecure": &wit.Interface{
                Name:      &"insecure",
                TypeDefs:  map[string]*wit.TypeDef{},
                Functions: map[string]*wit.Function{
                  "get-insecure-random-bytes": &wit.Function{
                    Name:   "get-insecure-random-bytes",
                    Kind:   &wit.Freestanding{...},
                    Params: []wit.Param{
                      wit.Param{
                        Name: "len",
                        Type: wit.U64{},
                      },
                    },
                    Results: []wit.Param{
                      wit.Param{
                        Name: "",
                        Type: &wit.TypeDef{
                          Name: (*string)(nil),
                          Kind: &wit.List{
                            Type: wit.U8{},
                          },
                          Owner: nil,
                          Docs:  wit.Docs{
                            Contents: "",
                          },
                        },
                      },
                    },
                    Docs: wit.Docs{
                      Contents: "",
                    },
                  },
                  "get-insecure-random-u64": &wit.Function{
                    Name:    "get-insecure-random-u64",
                    Kind:    &wit.Freestanding{...},
                    Params:  []wit.Param(nil),
                    Results: []wit.Param{
                      wit.Param{
                        Name: "",
                        Type: wit.U64{},
                      },
                    },
                    Docs: wit.Docs{
                      Contents: "",
                    },
                  },
                },
                Package: &wit.Package{...},
                Docs:    wit.Docs{
                  Contents: "",
                },
              },
              "insecure-seed": &wit.Interface{...},
              "random":        &wit.Interface{
                Name:      &"random",
                TypeDefs:  map[string]*wit.TypeDef{},
                Functions: map[string]*wit.Function{
                  "get-random-bytes": &wit.Function{
                    Name:   "get-random-bytes",
                    Kind:   &wit.Freestanding{...},
                    Params: []wit.Param{
                      wit.Param{
                        Name: "len",
                        Type: wit.U64{},
                      },
                    },
                    Results: []wit.Param{
                      wit.Param{
                        Name: "",
                        Type: &wit.TypeDef{...},
                      },
                    },
                    Docs: wit.Docs{
                      Contents: "",
                    },
                  },
                  "get-random-u64": &wit.Function{
                    Name:    "get-random-u64",
                    Kind:    &wit.Freestanding{...},
                    Params:  []wit.Param(nil),
                    Results: []wit.Param{
                      wit.Param{
                        Name: "",
                        Type: wit.U64{},
                      },
                    },
                    Docs: wit.Docs{
                      Contents: "",
                    },
                  },
                },
                Package: &wit.Package{...},
                Docs:    wit.Docs{
                  Contents: "",
                },
              },
            },
            Worlds: map[string]*wit.World{
              "imports": &wit.World{...},
            },
            Docs: wit.Docs{
              Contents: "",
            },
          },
          Docs: wit.Docs{
            Contents: "",
          },
        },
        "interface-1": &wit.Interface{...},
        "interface-2": &wit.Interface{...},
      },
      Exports: map[string]wit.WorldItem{},
      Package: (*wit.Package)(nil),
      Docs:    wit.Docs{
        Contents: "",
      },
    },
  },
  Interfaces: []*wit.Interface{
    &wit.Interface{...},
    &wit.Interface{...},
    &wit.Interface{...},
  },
  TypeDefs: []*wit.TypeDef{
    &wit.TypeDef{...},
    &wit.TypeDef{...},
  },
  Packages: []*wit.Package{
    &wit.Package{...},
  },
}