&wit.Resolve{
  Worlds:     []*wit.World(nil),
  Interfaces: []*wit.Interface{
    &wit.Interface{
      Name:     &"foo",
      TypeDefs: map[string]*wit.TypeDef{
        "bar": &wit.TypeDef{
          Name: &"bar",
          Kind: &wit.Stream{
            Element: &wit.TypeDef{
              Name:  &"x",
              Kind:  wit.U32{},
              Owner: &wit.Interface{...},
              Docs:  wit.Docs{
                Contents: "",
              },
            },
            End: nil,
          },
          Owner: &wit.Interface{...},
          Docs:  wit.Docs{
            Contents: "",
          },
        },
        "x": &wit.TypeDef{...},
      },
      Functions: map[string]*wit.Function{},
      Package:   &wit.Package{
        Name: wit.PackageName{
          Namespace: "foo",
          Name:      "comments",
          Version:   (*semver.Version)(nil),
        },
        Interfaces: map[string]*wit.Interface{
          "foo": &wit.Interface{...},
        },
        Worlds: map[string]*wit.World{},
        Docs:   wit.Docs{
          Contents: "",
        },
      },
      Docs: wit.Docs{
        Contents: "",
      },
    },
  },
  TypeDefs: []*wit.TypeDef{
    &wit.TypeDef{...},
    &wit.TypeDef{...},
  },
  Packages: []*wit.Package{
    &wit.Package{...},
  },
}