&wit.Resolve{
    Worlds: {
        &wit.World{
            Name:    "bar-a",
            Imports: {
                "interface-0": &wit.Interface{
                    Name:      &"a",
                    TypeDefs:  {},
                    Functions: {},
                    Package:   &wit.Package{
                        Name: wit.PackageName{
                            Namespace: "foo",
                            Name:      "bar",
                            Version:   (*semver.Version)(nil),
                            _node:     wit._node{},
                        },
                        Interfaces: {
                            "a": &wit.Interface{(CYCLIC REFERENCE)},
                            "b": &wit.Interface{
                                Name:       &"b",
                                TypeDefs:   {},
                                Functions:  {},
                                Package:    &wit.Package{(CYCLIC REFERENCE)},
                                Docs:       wit.Docs{},
                                _typeOwner: wit._typeOwner{},
                                _worldItem: wit._worldItem{},
                            },
                        },
                        Worlds: {
                            "bar-a": &wit.World{(CYCLIC REFERENCE)},
                        },
                        Docs: wit.Docs{},
                    },
                    Docs:       wit.Docs{},
                    _typeOwner: wit._typeOwner{},
                    _worldItem: wit._worldItem{},
                },
                "interface-1": &wit.Interface{
                    Name:      &"b",
                    TypeDefs:  {},
                    Functions: {},
                    Package:   &wit.Package{
                        Name: wit.PackageName{
                            Namespace: "foo",
                            Name:      "bar",
                            Version:   (*semver.Version)(nil),
                            _node:     wit._node{},
                        },
                        Interfaces: {
                            "a": &wit.Interface{(CYCLIC REFERENCE)},
                            "b": &wit.Interface{(CYCLIC REFERENCE)},
                        },
                        Worlds: {
                            "bar-a": &wit.World{(CYCLIC REFERENCE)},
                        },
                        Docs: wit.Docs{},
                    },
                    Docs:       wit.Docs{},
                    _typeOwner: wit._typeOwner{},
                    _worldItem: wit._worldItem{},
                },
            },
            Exports: {},
            Package: &wit.Package{
                Name: wit.PackageName{
                    Namespace: "foo",
                    Name:      "bar",
                    Version:   (*semver.Version)(nil),
                    _node:     wit._node{},
                },
                Interfaces: {
                    "a": &wit.Interface{
                        Name:       &"a",
                        TypeDefs:   {},
                        Functions:  {},
                        Package:    &wit.Package{(CYCLIC REFERENCE)},
                        Docs:       wit.Docs{},
                        _typeOwner: wit._typeOwner{},
                        _worldItem: wit._worldItem{},
                    },
                    "b": &wit.Interface{
                        Name:       &"b",
                        TypeDefs:   {},
                        Functions:  {},
                        Package:    &wit.Package{(CYCLIC REFERENCE)},
                        Docs:       wit.Docs{},
                        _typeOwner: wit._typeOwner{},
                        _worldItem: wit._worldItem{},
                    },
                },
                Worlds: {
                    "bar-a": &wit.World{(CYCLIC REFERENCE)},
                },
                Docs: wit.Docs{},
            },
            Docs:       wit.Docs{},
            _typeOwner: wit._typeOwner{},
        },
        &wit.World{
            Name:    "baz-a",
            Imports: {
                "interface-2": &wit.Interface{
                    Name:      &"a",
                    TypeDefs:  {},
                    Functions: {},
                    Package:   &wit.Package{
                        Name: wit.PackageName{
                            Namespace: "foo",
                            Name:      "baz",
                            Version:   (*semver.Version)(nil),
                            _node:     wit._node{},
                        },
                        Interfaces: {
                            "a": &wit.Interface{(CYCLIC REFERENCE)},
                            "b": &wit.Interface{
                                Name:       &"b",
                                TypeDefs:   {},
                                Functions:  {},
                                Package:    &wit.Package{(CYCLIC REFERENCE)},
                                Docs:       wit.Docs{},
                                _typeOwner: wit._typeOwner{},
                                _worldItem: wit._worldItem{},
                            },
                        },
                        Worlds: {
                            "baz-a": &wit.World{(CYCLIC REFERENCE)},
                        },
                        Docs: wit.Docs{},
                    },
                    Docs:       wit.Docs{},
                    _typeOwner: wit._typeOwner{},
                    _worldItem: wit._worldItem{},
                },
                "interface-3": &wit.Interface{
                    Name:      &"b",
                    TypeDefs:  {},
                    Functions: {},
                    Package:   &wit.Package{
                        Name: wit.PackageName{
                            Namespace: "foo",
                            Name:      "baz",
                            Version:   (*semver.Version)(nil),
                            _node:     wit._node{},
                        },
                        Interfaces: {
                            "a": &wit.Interface{(CYCLIC REFERENCE)},
                            "b": &wit.Interface{(CYCLIC REFERENCE)},
                        },
                        Worlds: {
                            "baz-a": &wit.World{(CYCLIC REFERENCE)},
                        },
                        Docs: wit.Docs{},
                    },
                    Docs:       wit.Docs{},
                    _typeOwner: wit._typeOwner{},
                    _worldItem: wit._worldItem{},
                },
            },
            Exports: {},
            Package: &wit.Package{
                Name: wit.PackageName{
                    Namespace: "foo",
                    Name:      "baz",
                    Version:   (*semver.Version)(nil),
                    _node:     wit._node{},
                },
                Interfaces: {
                    "a": &wit.Interface{
                        Name:       &"a",
                        TypeDefs:   {},
                        Functions:  {},
                        Package:    &wit.Package{(CYCLIC REFERENCE)},
                        Docs:       wit.Docs{},
                        _typeOwner: wit._typeOwner{},
                        _worldItem: wit._worldItem{},
                    },
                    "b": &wit.Interface{
                        Name:       &"b",
                        TypeDefs:   {},
                        Functions:  {},
                        Package:    &wit.Package{(CYCLIC REFERENCE)},
                        Docs:       wit.Docs{},
                        _typeOwner: wit._typeOwner{},
                        _worldItem: wit._worldItem{},
                    },
                },
                Worlds: {
                    "baz-a": &wit.World{(CYCLIC REFERENCE)},
                },
                Docs: wit.Docs{},
            },
            Docs:       wit.Docs{},
            _typeOwner: wit._typeOwner{},
        },
        &wit.World{
            Name:    "a",
            Imports: {
                "interface-4": &wit.Interface{
                    Name:      &"ai",
                    TypeDefs:  {},
                    Functions: {},
                    Package:   &wit.Package{
                        Name: wit.PackageName{
                            Namespace: "foo",
                            Name:      "root",
                            Version:   (*semver.Version)(nil),
                            _node:     wit._node{},
                        },
                        Interfaces: {
                            "ai": &wit.Interface{(CYCLIC REFERENCE)},
                            "bi": &wit.Interface{
                                Name:       &"bi",
                                TypeDefs:   {},
                                Functions:  {},
                                Package:    &wit.Package{(CYCLIC REFERENCE)},
                                Docs:       wit.Docs{},
                                _typeOwner: wit._typeOwner{},
                                _worldItem: wit._worldItem{},
                            },
                        },
                        Worlds: {
                            "a": &wit.World{(CYCLIC REFERENCE)},
                            "b": &wit.World{
                                Name:    "b",
                                Imports: {
                                    "interface-0": &wit.Interface{(CYCLIC REFERENCE)},
                                    "interface-1": &wit.Interface{(CYCLIC REFERENCE)},
                                },
                                Exports:    {},
                                Package:    &wit.Package{(CYCLIC REFERENCE)},
                                Docs:       wit.Docs{},
                                _typeOwner: wit._typeOwner{},
                            },
                            "c": &wit.World{
                                Name:    "c",
                                Imports: {
                                    "interface-0": &wit.Interface{(CYCLIC REFERENCE)},
                                    "interface-1": &wit.Interface{(CYCLIC REFERENCE)},
                                },
                                Exports:    {},
                                Package:    &wit.Package{(CYCLIC REFERENCE)},
                                Docs:       wit.Docs{},
                                _typeOwner: wit._typeOwner{},
                            },
                            "union-world": &wit.World{
                                Name:    "union-world",
                                Imports: {
                                    "interface-0": &wit.Interface{(CYCLIC REFERENCE)},
                                    "interface-1": &wit.Interface{(CYCLIC REFERENCE)},
                                    "interface-2": &wit.Interface{(CYCLIC REFERENCE)},
                                    "interface-3": &wit.Interface{(CYCLIC REFERENCE)},
                                    "interface-4": &wit.Interface{(CYCLIC REFERENCE)},
                                    "interface-5": &wit.Interface{(CYCLIC REFERENCE)},
                                },
                                Exports:    {},
                                Package:    &wit.Package{(CYCLIC REFERENCE)},
                                Docs:       wit.Docs{},
                                _typeOwner: wit._typeOwner{},
                            },
                        },
                        Docs: wit.Docs{},
                    },
                    Docs:       wit.Docs{},
                    _typeOwner: wit._typeOwner{},
                    _worldItem: wit._worldItem{},
                },
                "interface-5": &wit.Interface{
                    Name:      &"bi",
                    TypeDefs:  {},
                    Functions: {},
                    Package:   &wit.Package{
                        Name: wit.PackageName{
                            Namespace: "foo",
                            Name:      "root",
                            Version:   (*semver.Version)(nil),
                            _node:     wit._node{},
                        },
                        Interfaces: {
                            "ai": &wit.Interface{(CYCLIC REFERENCE)},
                            "bi": &wit.Interface{(CYCLIC REFERENCE)},
                        },
                        Worlds: {
                            "a": &wit.World{(CYCLIC REFERENCE)},
                            "b": &wit.World{
                                Name:    "b",
                                Imports: {
                                    "interface-0": &wit.Interface{(CYCLIC REFERENCE)},
                                    "interface-1": &wit.Interface{(CYCLIC REFERENCE)},
                                },
                                Exports:    {},
                                Package:    &wit.Package{(CYCLIC REFERENCE)},
                                Docs:       wit.Docs{},
                                _typeOwner: wit._typeOwner{},
                            },
                            "c": &wit.World{
                                Name:    "c",
                                Imports: {
                                    "interface-0": &wit.Interface{(CYCLIC REFERENCE)},
                                    "interface-1": &wit.Interface{(CYCLIC REFERENCE)},
                                },
                                Exports:    {},
                                Package:    &wit.Package{(CYCLIC REFERENCE)},
                                Docs:       wit.Docs{},
                                _typeOwner: wit._typeOwner{},
                            },
                            "union-world": &wit.World{
                                Name:    "union-world",
                                Imports: {
                                    "interface-0": &wit.Interface{(CYCLIC REFERENCE)},
                                    "interface-1": &wit.Interface{(CYCLIC REFERENCE)},
                                    "interface-2": &wit.Interface{(CYCLIC REFERENCE)},
                                    "interface-3": &wit.Interface{(CYCLIC REFERENCE)},
                                    "interface-4": &wit.Interface{(CYCLIC REFERENCE)},
                                    "interface-5": &wit.Interface{(CYCLIC REFERENCE)},
                                },
                                Exports:    {},
                                Package:    &wit.Package{(CYCLIC REFERENCE)},
                                Docs:       wit.Docs{},
                                _typeOwner: wit._typeOwner{},
                            },
                        },
                        Docs: wit.Docs{},
                    },
                    Docs:       wit.Docs{},
                    _typeOwner: wit._typeOwner{},
                    _worldItem: wit._worldItem{},
                },
            },
            Exports: {},
            Package: &wit.Package{
                Name: wit.PackageName{
                    Namespace: "foo",
                    Name:      "root",
                    Version:   (*semver.Version)(nil),
                    _node:     wit._node{},
                },
                Interfaces: {
                    "ai": &wit.Interface{
                        Name:       &"ai",
                        TypeDefs:   {},
                        Functions:  {},
                        Package:    &wit.Package{(CYCLIC REFERENCE)},
                        Docs:       wit.Docs{},
                        _typeOwner: wit._typeOwner{},
                        _worldItem: wit._worldItem{},
                    },
                    "bi": &wit.Interface{
                        Name:       &"bi",
                        TypeDefs:   {},
                        Functions:  {},
                        Package:    &wit.Package{(CYCLIC REFERENCE)},
                        Docs:       wit.Docs{},
                        _typeOwner: wit._typeOwner{},
                        _worldItem: wit._worldItem{},
                    },
                },
                Worlds: {
                    "a": &wit.World{(CYCLIC REFERENCE)},
                    "b": &wit.World{
                        Name:    "b",
                        Imports: {
                            "interface-0": &wit.Interface{(CYCLIC REFERENCE)},
                            "interface-1": &wit.Interface{(CYCLIC REFERENCE)},
                        },
                        Exports:    {},
                        Package:    &wit.Package{(CYCLIC REFERENCE)},
                        Docs:       wit.Docs{},
                        _typeOwner: wit._typeOwner{},
                    },
                    "c": &wit.World{
                        Name:    "c",
                        Imports: {
                            "interface-0": &wit.Interface{(CYCLIC REFERENCE)},
                            "interface-1": &wit.Interface{(CYCLIC REFERENCE)},
                        },
                        Exports:    {},
                        Package:    &wit.Package{(CYCLIC REFERENCE)},
                        Docs:       wit.Docs{},
                        _typeOwner: wit._typeOwner{},
                    },
                    "union-world": &wit.World{
                        Name:    "union-world",
                        Imports: {
                            "interface-0": &wit.Interface{(CYCLIC REFERENCE)},
                            "interface-1": &wit.Interface{(CYCLIC REFERENCE)},
                            "interface-2": &wit.Interface{(CYCLIC REFERENCE)},
                            "interface-3": &wit.Interface{(CYCLIC REFERENCE)},
                            "interface-4": &wit.Interface{(CYCLIC REFERENCE)},
                            "interface-5": &wit.Interface{(CYCLIC REFERENCE)},
                        },
                        Exports:    {},
                        Package:    &wit.Package{(CYCLIC REFERENCE)},
                        Docs:       wit.Docs{},
                        _typeOwner: wit._typeOwner{},
                    },
                },
                Docs: wit.Docs{},
            },
            Docs:       wit.Docs{},
            _typeOwner: wit._typeOwner{},
        },
        &wit.World{
            Name:    "b",
            Imports: {
                "interface-0": &wit.Interface{
                    Name:       &"a",
                    TypeDefs:   {},
                    Functions:  {},
                    Package:    &wit.Package{(CYCLIC REFERENCE)},
                    Docs:       wit.Docs{},
                    _typeOwner: wit._typeOwner{},
                    _worldItem: wit._worldItem{},
                },
                "interface-1": &wit.Interface{
                    Name:       &"b",
                    TypeDefs:   {},
                    Functions:  {},
                    Package:    &wit.Package{(CYCLIC REFERENCE)},
                    Docs:       wit.Docs{},
                    _typeOwner: wit._typeOwner{},
                    _worldItem: wit._worldItem{},
                },
            },
            Exports: {},
            Package: &wit.Package{
                Name: wit.PackageName{
                    Namespace: "foo",
                    Name:      "root",
                    Version:   (*semver.Version)(nil),
                    _node:     wit._node{},
                },
                Interfaces: {
                    "ai": &wit.Interface{
                        Name:       &"ai",
                        TypeDefs:   {},
                        Functions:  {},
                        Package:    &wit.Package{(CYCLIC REFERENCE)},
                        Docs:       wit.Docs{},
                        _typeOwner: wit._typeOwner{},
                        _worldItem: wit._worldItem{},
                    },
                    "bi": &wit.Interface{
                        Name:       &"bi",
                        TypeDefs:   {},
                        Functions:  {},
                        Package:    &wit.Package{(CYCLIC REFERENCE)},
                        Docs:       wit.Docs{},
                        _typeOwner: wit._typeOwner{},
                        _worldItem: wit._worldItem{},
                    },
                },
                Worlds: {
                    "a": &wit.World{(CYCLIC REFERENCE)},
                    "b": &wit.World{(CYCLIC REFERENCE)},
                    "c": &wit.World{
                        Name:    "c",
                        Imports: {
                            "interface-0": &wit.Interface{(CYCLIC REFERENCE)},
                            "interface-1": &wit.Interface{(CYCLIC REFERENCE)},
                        },
                        Exports:    {},
                        Package:    &wit.Package{(CYCLIC REFERENCE)},
                        Docs:       wit.Docs{},
                        _typeOwner: wit._typeOwner{},
                    },
                    "union-world": &wit.World{
                        Name:    "union-world",
                        Imports: {
                            "interface-0": &wit.Interface{(CYCLIC REFERENCE)},
                            "interface-1": &wit.Interface{(CYCLIC REFERENCE)},
                            "interface-2": &wit.Interface{(CYCLIC REFERENCE)},
                            "interface-3": &wit.Interface{(CYCLIC REFERENCE)},
                            "interface-4": &wit.Interface{(CYCLIC REFERENCE)},
                            "interface-5": &wit.Interface{(CYCLIC REFERENCE)},
                        },
                        Exports:    {},
                        Package:    &wit.Package{(CYCLIC REFERENCE)},
                        Docs:       wit.Docs{},
                        _typeOwner: wit._typeOwner{},
                    },
                },
                Docs: wit.Docs{},
            },
            Docs:       wit.Docs{},
            _typeOwner: wit._typeOwner{},
        },
        &wit.World{
            Name:    "c",
            Imports: {
                "interface-0": &wit.Interface{
                    Name:       &"a",
                    TypeDefs:   {},
                    Functions:  {},
                    Package:    &wit.Package{(CYCLIC REFERENCE)},
                    Docs:       wit.Docs{},
                    _typeOwner: wit._typeOwner{},
                    _worldItem: wit._worldItem{},
                },
                "interface-1": &wit.Interface{
                    Name:       &"b",
                    TypeDefs:   {},
                    Functions:  {},
                    Package:    &wit.Package{(CYCLIC REFERENCE)},
                    Docs:       wit.Docs{},
                    _typeOwner: wit._typeOwner{},
                    _worldItem: wit._worldItem{},
                },
            },
            Exports: {},
            Package: &wit.Package{
                Name: wit.PackageName{
                    Namespace: "foo",
                    Name:      "root",
                    Version:   (*semver.Version)(nil),
                    _node:     wit._node{},
                },
                Interfaces: {
                    "ai": &wit.Interface{
                        Name:       &"ai",
                        TypeDefs:   {},
                        Functions:  {},
                        Package:    &wit.Package{(CYCLIC REFERENCE)},
                        Docs:       wit.Docs{},
                        _typeOwner: wit._typeOwner{},
                        _worldItem: wit._worldItem{},
                    },
                    "bi": &wit.Interface{
                        Name:       &"bi",
                        TypeDefs:   {},
                        Functions:  {},
                        Package:    &wit.Package{(CYCLIC REFERENCE)},
                        Docs:       wit.Docs{},
                        _typeOwner: wit._typeOwner{},
                        _worldItem: wit._worldItem{},
                    },
                },
                Worlds: {
                    "a":           &wit.World{(CYCLIC REFERENCE)},
                    "b":           &wit.World{(CYCLIC REFERENCE)},
                    "c":           &wit.World{(CYCLIC REFERENCE)},
                    "union-world": &wit.World{
                        Name:    "union-world",
                        Imports: {
                            "interface-0": &wit.Interface{(CYCLIC REFERENCE)},
                            "interface-1": &wit.Interface{(CYCLIC REFERENCE)},
                            "interface-2": &wit.Interface{(CYCLIC REFERENCE)},
                            "interface-3": &wit.Interface{(CYCLIC REFERENCE)},
                            "interface-4": &wit.Interface{(CYCLIC REFERENCE)},
                            "interface-5": &wit.Interface{(CYCLIC REFERENCE)},
                        },
                        Exports:    {},
                        Package:    &wit.Package{(CYCLIC REFERENCE)},
                        Docs:       wit.Docs{},
                        _typeOwner: wit._typeOwner{},
                    },
                },
                Docs: wit.Docs{},
            },
            Docs:       wit.Docs{},
            _typeOwner: wit._typeOwner{},
        },
        &wit.World{
            Name:    "union-world",
            Imports: {
                "interface-0": &wit.Interface{
                    Name:       &"a",
                    TypeDefs:   {},
                    Functions:  {},
                    Package:    &wit.Package{(CYCLIC REFERENCE)},
                    Docs:       wit.Docs{},
                    _typeOwner: wit._typeOwner{},
                    _worldItem: wit._worldItem{},
                },
                "interface-1": &wit.Interface{
                    Name:       &"b",
                    TypeDefs:   {},
                    Functions:  {},
                    Package:    &wit.Package{(CYCLIC REFERENCE)},
                    Docs:       wit.Docs{},
                    _typeOwner: wit._typeOwner{},
                    _worldItem: wit._worldItem{},
                },
                "interface-2": &wit.Interface{
                    Name:       &"a",
                    TypeDefs:   {},
                    Functions:  {},
                    Package:    &wit.Package{(CYCLIC REFERENCE)},
                    Docs:       wit.Docs{},
                    _typeOwner: wit._typeOwner{},
                    _worldItem: wit._worldItem{},
                },
                "interface-3": &wit.Interface{
                    Name:       &"b",
                    TypeDefs:   {},
                    Functions:  {},
                    Package:    &wit.Package{(CYCLIC REFERENCE)},
                    Docs:       wit.Docs{},
                    _typeOwner: wit._typeOwner{},
                    _worldItem: wit._worldItem{},
                },
                "interface-4": &wit.Interface{
                    Name:       &"ai",
                    TypeDefs:   {},
                    Functions:  {},
                    Package:    &wit.Package{(CYCLIC REFERENCE)},
                    Docs:       wit.Docs{},
                    _typeOwner: wit._typeOwner{},
                    _worldItem: wit._worldItem{},
                },
                "interface-5": &wit.Interface{
                    Name:       &"bi",
                    TypeDefs:   {},
                    Functions:  {},
                    Package:    &wit.Package{(CYCLIC REFERENCE)},
                    Docs:       wit.Docs{},
                    _typeOwner: wit._typeOwner{},
                    _worldItem: wit._worldItem{},
                },
            },
            Exports: {},
            Package: &wit.Package{
                Name: wit.PackageName{
                    Namespace: "foo",
                    Name:      "root",
                    Version:   (*semver.Version)(nil),
                    _node:     wit._node{},
                },
                Interfaces: {
                    "ai": &wit.Interface{
                        Name:       &"ai",
                        TypeDefs:   {},
                        Functions:  {},
                        Package:    &wit.Package{(CYCLIC REFERENCE)},
                        Docs:       wit.Docs{},
                        _typeOwner: wit._typeOwner{},
                        _worldItem: wit._worldItem{},
                    },
                    "bi": &wit.Interface{
                        Name:       &"bi",
                        TypeDefs:   {},
                        Functions:  {},
                        Package:    &wit.Package{(CYCLIC REFERENCE)},
                        Docs:       wit.Docs{},
                        _typeOwner: wit._typeOwner{},
                        _worldItem: wit._worldItem{},
                    },
                },
                Worlds: {
                    "a":           &wit.World{(CYCLIC REFERENCE)},
                    "b":           &wit.World{(CYCLIC REFERENCE)},
                    "c":           &wit.World{(CYCLIC REFERENCE)},
                    "union-world": &wit.World{(CYCLIC REFERENCE)},
                },
                Docs: wit.Docs{},
            },
            Docs:       wit.Docs{},
            _typeOwner: wit._typeOwner{},
        },
    },
    Interfaces: {
        &wit.Interface{
            Name:      &"a",
            TypeDefs:  {},
            Functions: {},
            Package:   &wit.Package{
                Name: wit.PackageName{
                    Namespace: "foo",
                    Name:      "bar",
                    Version:   (*semver.Version)(nil),
                    _node:     wit._node{},
                },
                Interfaces: {
                    "a": &wit.Interface{(CYCLIC REFERENCE)},
                    "b": &wit.Interface{
                        Name:       &"b",
                        TypeDefs:   {},
                        Functions:  {},
                        Package:    &wit.Package{(CYCLIC REFERENCE)},
                        Docs:       wit.Docs{},
                        _typeOwner: wit._typeOwner{},
                        _worldItem: wit._worldItem{},
                    },
                },
                Worlds: {
                    "bar-a": &wit.World{(CYCLIC REFERENCE)},
                },
                Docs: wit.Docs{},
            },
            Docs:       wit.Docs{},
            _typeOwner: wit._typeOwner{},
            _worldItem: wit._worldItem{},
        },
        &wit.Interface{
            Name:      &"b",
            TypeDefs:  {},
            Functions: {},
            Package:   &wit.Package{
                Name: wit.PackageName{
                    Namespace: "foo",
                    Name:      "bar",
                    Version:   (*semver.Version)(nil),
                    _node:     wit._node{},
                },
                Interfaces: {
                    "a": &wit.Interface{(CYCLIC REFERENCE)},
                    "b": &wit.Interface{(CYCLIC REFERENCE)},
                },
                Worlds: {
                    "bar-a": &wit.World{(CYCLIC REFERENCE)},
                },
                Docs: wit.Docs{},
            },
            Docs:       wit.Docs{},
            _typeOwner: wit._typeOwner{},
            _worldItem: wit._worldItem{},
        },
        &wit.Interface{
            Name:      &"a",
            TypeDefs:  {},
            Functions: {},
            Package:   &wit.Package{
                Name: wit.PackageName{
                    Namespace: "foo",
                    Name:      "baz",
                    Version:   (*semver.Version)(nil),
                    _node:     wit._node{},
                },
                Interfaces: {
                    "a": &wit.Interface{(CYCLIC REFERENCE)},
                    "b": &wit.Interface{
                        Name:       &"b",
                        TypeDefs:   {},
                        Functions:  {},
                        Package:    &wit.Package{(CYCLIC REFERENCE)},
                        Docs:       wit.Docs{},
                        _typeOwner: wit._typeOwner{},
                        _worldItem: wit._worldItem{},
                    },
                },
                Worlds: {
                    "baz-a": &wit.World{(CYCLIC REFERENCE)},
                },
                Docs: wit.Docs{},
            },
            Docs:       wit.Docs{},
            _typeOwner: wit._typeOwner{},
            _worldItem: wit._worldItem{},
        },
        &wit.Interface{
            Name:      &"b",
            TypeDefs:  {},
            Functions: {},
            Package:   &wit.Package{
                Name: wit.PackageName{
                    Namespace: "foo",
                    Name:      "baz",
                    Version:   (*semver.Version)(nil),
                    _node:     wit._node{},
                },
                Interfaces: {
                    "a": &wit.Interface{(CYCLIC REFERENCE)},
                    "b": &wit.Interface{(CYCLIC REFERENCE)},
                },
                Worlds: {
                    "baz-a": &wit.World{(CYCLIC REFERENCE)},
                },
                Docs: wit.Docs{},
            },
            Docs:       wit.Docs{},
            _typeOwner: wit._typeOwner{},
            _worldItem: wit._worldItem{},
        },
        &wit.Interface{
            Name:      &"ai",
            TypeDefs:  {},
            Functions: {},
            Package:   &wit.Package{
                Name: wit.PackageName{
                    Namespace: "foo",
                    Name:      "root",
                    Version:   (*semver.Version)(nil),
                    _node:     wit._node{},
                },
                Interfaces: {
                    "ai": &wit.Interface{(CYCLIC REFERENCE)},
                    "bi": &wit.Interface{
                        Name:       &"bi",
                        TypeDefs:   {},
                        Functions:  {},
                        Package:    &wit.Package{(CYCLIC REFERENCE)},
                        Docs:       wit.Docs{},
                        _typeOwner: wit._typeOwner{},
                        _worldItem: wit._worldItem{},
                    },
                },
                Worlds: {
                    "a":           &wit.World{(CYCLIC REFERENCE)},
                    "b":           &wit.World{(CYCLIC REFERENCE)},
                    "c":           &wit.World{(CYCLIC REFERENCE)},
                    "union-world": &wit.World{(CYCLIC REFERENCE)},
                },
                Docs: wit.Docs{},
            },
            Docs:       wit.Docs{},
            _typeOwner: wit._typeOwner{},
            _worldItem: wit._worldItem{},
        },
        &wit.Interface{
            Name:      &"bi",
            TypeDefs:  {},
            Functions: {},
            Package:   &wit.Package{
                Name: wit.PackageName{
                    Namespace: "foo",
                    Name:      "root",
                    Version:   (*semver.Version)(nil),
                    _node:     wit._node{},
                },
                Interfaces: {
                    "ai": &wit.Interface{(CYCLIC REFERENCE)},
                    "bi": &wit.Interface{(CYCLIC REFERENCE)},
                },
                Worlds: {
                    "a":           &wit.World{(CYCLIC REFERENCE)},
                    "b":           &wit.World{(CYCLIC REFERENCE)},
                    "c":           &wit.World{(CYCLIC REFERENCE)},
                    "union-world": &wit.World{(CYCLIC REFERENCE)},
                },
                Docs: wit.Docs{},
            },
            Docs:       wit.Docs{},
            _typeOwner: wit._typeOwner{},
            _worldItem: wit._worldItem{},
        },
    },
    TypeDefs: nil,
    Packages: {
        &wit.Package{
            Name: wit.PackageName{
                Namespace: "foo",
                Name:      "bar",
                Version:   (*semver.Version)(nil),
                _node:     wit._node{},
            },
            Interfaces: {
                "a": &wit.Interface{(CYCLIC REFERENCE)},
                "b": &wit.Interface{(CYCLIC REFERENCE)},
            },
            Worlds: {
                "bar-a": &wit.World{(CYCLIC REFERENCE)},
            },
            Docs: wit.Docs{},
        },
        &wit.Package{
            Name: wit.PackageName{
                Namespace: "foo",
                Name:      "baz",
                Version:   (*semver.Version)(nil),
                _node:     wit._node{},
            },
            Interfaces: {
                "a": &wit.Interface{(CYCLIC REFERENCE)},
                "b": &wit.Interface{(CYCLIC REFERENCE)},
            },
            Worlds: {
                "baz-a": &wit.World{(CYCLIC REFERENCE)},
            },
            Docs: wit.Docs{},
        },
        &wit.Package{
            Name: wit.PackageName{
                Namespace: "foo",
                Name:      "root",
                Version:   (*semver.Version)(nil),
                _node:     wit._node{},
            },
            Interfaces: {
                "ai": &wit.Interface{(CYCLIC REFERENCE)},
                "bi": &wit.Interface{(CYCLIC REFERENCE)},
            },
            Worlds: {
                "a":           &wit.World{(CYCLIC REFERENCE)},
                "b":           &wit.World{(CYCLIC REFERENCE)},
                "c":           &wit.World{(CYCLIC REFERENCE)},
                "union-world": &wit.World{(CYCLIC REFERENCE)},
            },
            Docs: wit.Docs{},
        },
    },
}