&wit.Resolve{
    Worlds:     nil,
    Interfaces: {
        &wit.Interface{
            Name:      &"foo",
            TypeDefs:  {},
            Functions: {
                "x": &wit.Function{
                    Name:       "x",
                    Kind:       &wit.Freestanding{},
                    Params:     nil,
                    Results:    nil,
                    Docs:       wit.Docs{},
                    _worldItem: wit._worldItem{},
                },
                "y": &wit.Function{
                    Name:       "y",
                    Kind:       &wit.Freestanding{},
                    Params:     nil,
                    Results:    nil,
                    Docs:       wit.Docs{},
                    _worldItem: wit._worldItem{},
                },
                "z": &wit.Function{
                    Name:       "z",
                    Kind:       &wit.Freestanding{},
                    Params:     nil,
                    Results:    nil,
                    Docs:       wit.Docs{},
                    _worldItem: wit._worldItem{},
                },
            },
            Package: &wit.Package{
                Name: wit.PackageName{
                    Namespace: "foo",
                    Name:      "foo",
                    Version:   (*semver.Version)(nil),
                    _node:     wit._node{},
                },
                Interfaces: {
                    "foo": &wit.Interface{(CYCLIC REFERENCE)},
                },
                Worlds: {},
                Docs:   wit.Docs{},
            },
            Docs:       wit.Docs{},
            _typeOwner: wit._typeOwner{},
            _worldItem: wit._worldItem{},
        },
    },
    TypeDefs: nil,
    Packages: {
        &wit.Package{
            Name: wit.PackageName{
                Namespace: "foo",
                Name:      "foo",
                Version:   (*semver.Version)(nil),
                _node:     wit._node{},
            },
            Interfaces: {
                "foo": &wit.Interface{(CYCLIC REFERENCE)},
            },
            Worlds: {},
            Docs:   wit.Docs{},
        },
    },
}