&wit.Resolve{
  Worlds:     []*wit.World(nil),
  Interfaces: []*wit.Interface(nil),
  TypeDefs:   []*wit.TypeDef(nil),
  Packages:   []*wit.Package{
    &wit.Package{
      Name: wit.PackageName{
        Namespace: "foo",
        Name:      "empty",
        Version:   (*semver.Version)(nil),
      },
      Interfaces: map[string]*wit.Interface{},
      Worlds:     map[string]*wit.World{},
      Docs:       wit.Docs{
        Contents: "",
      },
    },
  },
}