&wit.Resolve{
  Worlds: []*wit.World{
    &wit.World{
      Name:    "more-depends-on-later-things",
      Imports: map[string]wit.WorldItem{
        "interface-3": &wit.Interface{
          Name:      &"later-interface",
          TypeDefs:  map[string]*wit.TypeDef{},
          Functions: map[string]*wit.Function{},
          Package:   &wit.Package{
            Name: wit.PackageName{
              Namespace: "foo",
              Name:      "multi-file",
              Version:   (*semver.Version)(nil),
            },
            Interfaces: map[string]*wit.Interface{
              "bar": &wit.Interface{
                Name:     &"bar",
                TypeDefs: map[string]*wit.TypeDef{
                  "a-name": &wit.TypeDef{
                    Name: &"a-name",
                    Kind: &wit.TypeDef{
                      Name: &"a-name",
                      Kind: &wit.Record{
                        Fields: []wit.Field(nil),
                      },
                      Owner: &wit.Interface{
                        Name:     &"irrelevant-name",
                        TypeDefs: map[string]*wit.TypeDef{
                          "a-name": &wit.TypeDef{...},
                        },
                        Functions: map[string]*wit.Function{},
                        Package:   &wit.Package{...},
                        Docs:      wit.Docs{
                          Contents: "",
                        },
                      },
                      Docs: wit.Docs{
                        Contents: "",
                      },
                    },
                    Owner: &wit.Interface{...},
                    Docs:  wit.Docs{
                      Contents: "",
                    },
                  },
                  "x": &wit.TypeDef{
                    Name: &"x",
                    Kind: &wit.TypeDef{
                      Name:  &"x",
                      Kind:  wit.U32{},
                      Owner: &wit.Interface{
                        Name:     &"foo",
                        TypeDefs: map[string]*wit.TypeDef{
                          "x": &wit.TypeDef{...},
                        },
                        Functions: map[string]*wit.Function{},
                        Package:   &wit.Package{...},
                        Docs:      wit.Docs{
                          Contents: "",
                        },
                      },
                      Docs: wit.Docs{
                        Contents: "",
                      },
                    },
                    Owner: &wit.Interface{...},
                    Docs:  wit.Docs{
                      Contents: "",
                    },
                  },
                  "x2": &wit.TypeDef{
                    Name:  &"x2",
                    Kind:  &wit.TypeDef{...},
                    Owner: &wit.Interface{...},
                    Docs:  wit.Docs{
                      Contents: "",
                    },
                  },
                  "x3": &wit.TypeDef{
                    Name:  &"x3",
                    Kind:  &wit.TypeDef{...},
                    Owner: &wit.Interface{...},
                    Docs:  wit.Docs{
                      Contents: "",
                    },
                  },
                  "x4": &wit.TypeDef{
                    Name: &"x4",
                    Kind: &wit.TypeDef{
                      Name:  &"x",
                      Kind:  wit.U32{},
                      Owner: &wit.Interface{
                        Name:     &"depend-on-me",
                        TypeDefs: map[string]*wit.TypeDef{
                          "x": &wit.TypeDef{...},
                        },
                        Functions: map[string]*wit.Function{},
                        Package:   &wit.Package{...},
                        Docs:      wit.Docs{
                          Contents: "",
                        },
                      },
                      Docs: wit.Docs{
                        Contents: "",
                      },
                    },
                    Owner: &wit.Interface{...},
                    Docs:  wit.Docs{
                      Contents: "",
                    },
                  },
                  "y": &wit.TypeDef{
                    Name: &"y",
                    Kind: &wit.TypeDef{
                      Name:  &"y",
                      Kind:  wit.U64{},
                      Owner: &wit.Interface{
                        Name:     &"something-else",
                        TypeDefs: map[string]*wit.TypeDef{
                          "y": &wit.TypeDef{...},
                        },
                        Functions: map[string]*wit.Function{},
                        Package:   &wit.Package{...},
                        Docs:      wit.Docs{
                          Contents: "",
                        },
                      },
                      Docs: wit.Docs{
                        Contents: "",
                      },
                    },
                    Owner: &wit.Interface{...},
                    Docs:  wit.Docs{
                      Contents: "",
                    },
                  },
                  "y2": &wit.TypeDef{
                    Name:  &"y2",
                    Kind:  &wit.TypeDef{...},
                    Owner: &wit.Interface{...},
                    Docs:  wit.Docs{
                      Contents: "",
                    },
                  },
                },
                Functions: map[string]*wit.Function{},
                Package:   &wit.Package{...},
                Docs:      wit.Docs{
                  Contents: "",
                },
              },
              "cycle1": &wit.Interface{
                Name:     &"cycle1",
                TypeDefs: map[string]*wit.TypeDef{
                  "t": &wit.TypeDef{
                    Name:  &"t",
                    Kind:  wit.U32{},
                    Owner: &wit.Interface{...},
                    Docs:  wit.Docs{
                      Contents: "",
                    },
                  },
                },
                Functions: map[string]*wit.Function{},
                Package:   &wit.Package{...},
                Docs:      wit.Docs{
                  Contents: "",
                },
              },
              "cycle2": &wit.Interface{
                Name:     &"cycle2",
                TypeDefs: map[string]*wit.TypeDef{
                  "t": &wit.TypeDef{
                    Name:  &"t",
                    Kind:  &wit.TypeDef{...},
                    Owner: &wit.Interface{...},
                    Docs:  wit.Docs{
                      Contents: "",
                    },
                  },
                },
                Functions: map[string]*wit.Function{},
                Package:   &wit.Package{...},
                Docs:      wit.Docs{
                  Contents: "",
                },
              },
              "cycle3": &wit.Interface{
                Name:     &"cycle3",
                TypeDefs: map[string]*wit.TypeDef{
                  "t": &wit.TypeDef{
                    Name:  &"t",
                    Kind:  &wit.TypeDef{...},
                    Owner: &wit.Interface{...},
                    Docs:  wit.Docs{
                      Contents: "",
                    },
                  },
                },
                Functions: map[string]*wit.Function{},
                Package:   &wit.Package{...},
                Docs:      wit.Docs{
                  Contents: "",
                },
              },
              "depend-on-me":          &wit.Interface{...},
              "depends-on-later-item": &wit.Interface{
                Name:     &"depends-on-later-item",
                TypeDefs: map[string]*wit.TypeDef{
                  "x": &wit.TypeDef{
                    Name:  &"x",
                    Kind:  &wit.TypeDef{...},
                    Owner: &wit.Interface{...},
                    Docs:  wit.Docs{
                      Contents: "",
                    },
                  },
                },
                Functions: map[string]*wit.Function{},
                Package:   &wit.Package{...},
                Docs:      wit.Docs{
                  Contents: "",
                },
              },
              "foo":             &wit.Interface{...},
              "irrelevant-name": &wit.Interface{...},
              "later-interface": &wit.Interface{...},
              "something-else":  &wit.Interface{...},
            },
            Worlds: map[string]*wit.World{
              "more-depends-on-later-things": &wit.World{...},
              "the-world":                    &wit.World{
                Name:    "the-world",
                Imports: map[string]wit.WorldItem{
                  "foo": &wit.Function{
                    Name:    "foo",
                    Kind:    &wit.Freestanding{},
                    Params:  []wit.Param(nil),
                    Results: []wit.Param{
                      wit.Param{
                        Name: "",
                        Type: &wit.TypeDef{
                          Name:  &"x",
                          Kind:  &wit.TypeDef{...},
                          Owner: &wit.World{...},
                          Docs:  wit.Docs{
                            Contents: "",
                          },
                        },
                      },
                    },
                    Docs: wit.Docs{
                      Contents: "",
                    },
                  },
                  "interface-1": &wit.Interface{...},
                  "x":           &wit.TypeDef{...},
                },
                Exports: map[string]wit.WorldItem{},
                Package: (*wit.Package)(nil),
                Docs:    wit.Docs{
                  Contents: "",
                },
              },
            },
            Docs: wit.Docs{
              Contents: "",
            },
          },
          Docs: wit.Docs{
            Contents: "",
          },
        },
      },
      Exports: map[string]wit.WorldItem{
        "interface-3": &wit.Interface{...},
      },
      Package: (*wit.Package)(nil),
      Docs:    wit.Docs{
        Contents: "",
      },
    },
    &wit.World{...},
  },
  Interfaces: []*wit.Interface{
    &wit.Interface{...},
    &wit.Interface{...},
    &wit.Interface{...},
    &wit.Interface{...},
    &wit.Interface{...},
    &wit.Interface{...},
    &wit.Interface{...},
    &wit.Interface{...},
    &wit.Interface{...},
    &wit.Interface{...},
  },
  TypeDefs: []*wit.TypeDef{
    &wit.TypeDef{...},
    &wit.TypeDef{...},
    &wit.TypeDef{...},
    &wit.TypeDef{...},
    &wit.TypeDef{...},
    &wit.TypeDef{...},
    &wit.TypeDef{...},
    &wit.TypeDef{...},
    &wit.TypeDef{...},
    &wit.TypeDef{...},
    &wit.TypeDef{...},
    &wit.TypeDef{...},
    &wit.TypeDef{...},
    &wit.TypeDef{...},
    &wit.TypeDef{...},
    &wit.TypeDef{...},
  },
  Packages: []*wit.Package{
    &wit.Package{...},
  },
}