&wit.Resolve{
    Worlds:     nil,
    Interfaces: {
        &wit.Interface{
            Name:     &"foo",
            TypeDefs: {
                "a": &wit.TypeDef{
                    Name:       &"a",
                    Kind:       nil,
                    Owner:      &wit.Interface{(CYCLIC REFERENCE)},
                    Docs:       wit.Docs{},
                    _worldItem: wit._worldItem{},
                    _type:      wit._type{},
                },
            },
            Functions: {},
            Package:   &wit.Package{
                Name: wit.PackageName{
                    Namespace: "some",
                    Name:      "dep",
                    Version:   (*semver.Version)(nil),
                },
                Interfaces: {
                    "foo": &wit.Interface{(CYCLIC REFERENCE)},
                },
                Worlds: {},
                Docs:   wit.Docs{},
            },
            Docs:       wit.Docs{},
            _worldItem: wit._worldItem{},
            _typeOwner: wit._typeOwner{},
        },
        &wit.Interface{
            Name:     &"foo",
            TypeDefs: {
                "a": &wit.TypeDef{
                    Name:       &"a",
                    Kind:       &wit.TypeDef{(CYCLIC REFERENCE)},
                    Owner:      &wit.Interface{(CYCLIC REFERENCE)},
                    Docs:       wit.Docs{},
                    _worldItem: wit._worldItem{},
                    _type:      wit._type{},
                },
                "t1": &wit.TypeDef{
                    Name:       &"t1",
                    Kind:       &wit.TypeDef{(CYCLIC REFERENCE)},
                    Owner:      &wit.Interface{(CYCLIC REFERENCE)},
                    Docs:       wit.Docs{},
                    _worldItem: wit._worldItem{},
                    _type:      wit._type{},
                },
                "t2": &wit.TypeDef{
                    Name: &"t2",
                    Kind: &wit.BorrowHandle{
                        Type:    &wit.TypeDef{(CYCLIC REFERENCE)},
                        _handle: wit._handle{},
                    },
                    Owner:      &wit.Interface{(CYCLIC REFERENCE)},
                    Docs:       wit.Docs{},
                    _worldItem: wit._worldItem{},
                    _type:      wit._type{},
                },
                "t3": &wit.TypeDef{
                    Name: &"t3",
                    Kind: &wit.BorrowHandle{
                        Type:    &wit.TypeDef{(CYCLIC REFERENCE)},
                        _handle: wit._handle{},
                    },
                    Owner:      &wit.Interface{(CYCLIC REFERENCE)},
                    Docs:       wit.Docs{},
                    _worldItem: wit._worldItem{},
                    _type:      wit._type{},
                },
            },
            Functions: {},
            Package:   &wit.Package{
                Name: wit.PackageName{
                    Namespace: "foo",
                    Name:      "bar",
                    Version:   (*semver.Version)(nil),
                },
                Interfaces: {
                    "foo": &wit.Interface{(CYCLIC REFERENCE)},
                },
                Worlds: {},
                Docs:   wit.Docs{},
            },
            Docs:       wit.Docs{},
            _worldItem: wit._worldItem{},
            _typeOwner: wit._typeOwner{},
        },
    },
    TypeDefs: {
        &wit.TypeDef{
            Name:       &"a",
            Kind:       nil,
            Owner:      &wit.Interface{(CYCLIC REFERENCE)},
            Docs:       wit.Docs{},
            _worldItem: wit._worldItem{},
            _type:      wit._type{},
        },
        &wit.TypeDef{
            Name:       &"a",
            Kind:       &wit.TypeDef{(CYCLIC REFERENCE)},
            Owner:      &wit.Interface{(CYCLIC REFERENCE)},
            Docs:       wit.Docs{},
            _worldItem: wit._worldItem{},
            _type:      wit._type{},
        },
        &wit.TypeDef{
            Name:       &"t1",
            Kind:       &wit.TypeDef{(CYCLIC REFERENCE)},
            Owner:      &wit.Interface{(CYCLIC REFERENCE)},
            Docs:       wit.Docs{},
            _worldItem: wit._worldItem{},
            _type:      wit._type{},
        },
        &wit.TypeDef{
            Name: &"t2",
            Kind: &wit.BorrowHandle{
                Type:    &wit.TypeDef{(CYCLIC REFERENCE)},
                _handle: wit._handle{},
            },
            Owner:      &wit.Interface{(CYCLIC REFERENCE)},
            Docs:       wit.Docs{},
            _worldItem: wit._worldItem{},
            _type:      wit._type{},
        },
        &wit.TypeDef{
            Name: &"t3",
            Kind: &wit.BorrowHandle{
                Type:    &wit.TypeDef{(CYCLIC REFERENCE)},
                _handle: wit._handle{},
            },
            Owner:      &wit.Interface{(CYCLIC REFERENCE)},
            Docs:       wit.Docs{},
            _worldItem: wit._worldItem{},
            _type:      wit._type{},
        },
    },
    Packages: {
        &wit.Package{
            Name: wit.PackageName{
                Namespace: "some",
                Name:      "dep",
                Version:   (*semver.Version)(nil),
            },
            Interfaces: {
                "foo": &wit.Interface{(CYCLIC REFERENCE)},
            },
            Worlds: {},
            Docs:   wit.Docs{},
        },
        &wit.Package{
            Name: wit.PackageName{
                Namespace: "foo",
                Name:      "bar",
                Version:   (*semver.Version)(nil),
            },
            Interfaces: {
                "foo": &wit.Interface{(CYCLIC REFERENCE)},
            },
            Worlds: {},
            Docs:   wit.Docs{},
        },
    },
}