&wit.Resolve{
    Worlds:     nil,
    Interfaces: {
        &wit.Interface{
            Name:      &"random",
            TypeDefs:  {},
            Functions: {
                "get-random-bytes": &wit.Function{
                    Name:   "get-random-bytes",
                    Kind:   &wit.Freestanding{},
                    Params: {
                        {
                            Name: "len",
                            Type: wit.U64Type{},
                        },
                    },
                    Results: {
                        {
                            Name: "",
                            Type: &wit.TypeDef{
                                Name: (*string)(nil),
                                Kind: &wit.List{
                                    Type:         wit.U8Type{},
                                    _typeDefKind: wit._typeDefKind{},
                                },
                                Owner:      nil,
                                Docs:       wit.Docs{},
                                _worldItem: wit._worldItem{},
                                _type:      wit._type{},
                            },
                        },
                    },
                    Docs:       wit.Docs{},
                    _worldItem: wit._worldItem{},
                },
                "get-random-u64": &wit.Function{
                    Name:    "get-random-u64",
                    Kind:    &wit.Freestanding{},
                    Params:  nil,
                    Results: {
                        {
                            Name: "",
                            Type: wit.U64Type{},
                        },
                    },
                    Docs:       wit.Docs{},
                    _worldItem: wit._worldItem{},
                },
            },
            Package: &wit.Package{
                Name: wit.PackageName{
                    Namespace: "wasi",
                    Name:      "random",
                    Version:   (*semver.Version)(nil),
                },
                Interfaces: {
                    "random": &wit.Interface{(CYCLIC REFERENCE)},
                },
                Worlds: {},
                Docs:   wit.Docs{},
            },
            Docs:       wit.Docs{},
            _worldItem: wit._worldItem{},
            _typeOwner: wit._typeOwner{},
        },
    },
    TypeDefs: {
        &wit.TypeDef{
            Name: (*string)(nil),
            Kind: &wit.List{
                Type:         wit.U8Type{},
                _typeDefKind: wit._typeDefKind{},
            },
            Owner:      nil,
            Docs:       wit.Docs{},
            _worldItem: wit._worldItem{},
            _type:      wit._type{},
        },
    },
    Packages: {
        &wit.Package{
            Name: wit.PackageName{
                Namespace: "wasi",
                Name:      "random",
                Version:   (*semver.Version)(nil),
            },
            Interfaces: {
                "random": &wit.Interface{(CYCLIC REFERENCE)},
            },
            Worlds: {},
            Docs:   wit.Docs{},
        },
    },
}