&wit.Resolve{
  Worlds:     []*wit.World(nil),
  Interfaces: []*wit.Interface{
    &wit.Interface{
      Name:     &"resources-empty",
      TypeDefs: map[string]*wit.TypeDef{
        "r1": &wit.TypeDef{
          Name:  &"r1",
          Kind:  nil,
          Owner: &wit.Interface{...},
          Docs:  wit.Docs{
            Contents: "",
          },
        },
      },
      Functions: map[string]*wit.Function{
        "t1": &wit.Function{
          Name:   "t1",
          Kind:   &wit.Freestanding{},
          Params: []wit.Param{
            wit.Param{
              Name: "a",
              Type: &wit.TypeDef{
                Name: (*string)(nil),
                Kind: &wit.OwnedHandle{
                  Type: &wit.TypeDef{...},
                },
                Owner: nil,
                Docs:  wit.Docs{
                  Contents: "",
                },
              },
            },
          },
          Results: []wit.Param(nil),
          Docs:    wit.Docs{
            Contents: "",
          },
        },
        "t2": &wit.Function{
          Name:   "t2",
          Kind:   &wit.Freestanding{...},
          Params: []wit.Param{
            wit.Param{
              Name: "a",
              Type: &wit.TypeDef{
                Name: (*string)(nil),
                Kind: &wit.BorrowedHandle{
                  Type: &wit.TypeDef{...},
                },
                Owner: nil,
                Docs:  wit.Docs{
                  Contents: "",
                },
              },
            },
          },
          Results: []wit.Param(nil),
          Docs:    wit.Docs{
            Contents: "",
          },
        },
      },
      Package: &wit.Package{
        Name: wit.PackageName{
          Namespace: "foo",
          Name:      "resources-empty",
          Version:   (*semver.Version)(nil),
        },
        Interfaces: map[string]*wit.Interface{
          "resources-empty": &wit.Interface{...},
        },
        Worlds: map[string]*wit.World{},
        Docs:   wit.Docs{
          Contents: "",
        },
      },
      Docs: wit.Docs{
        Contents: "",
      },
    },
  },
  TypeDefs: []*wit.TypeDef{
    &wit.TypeDef{...},
    &wit.TypeDef{...},
    &wit.TypeDef{...},
  },
  Packages: []*wit.Package{
    &wit.Package{...},
  },
}