&wit.Resolve{
    Worlds: {
        &wit.World{
            Name:    "my-world-a",
            Imports: {
                "interface-0": &wit.Interface{
                    Name:      &"a1",
                    TypeDefs:  {},
                    Functions: {},
                    Package:   &wit.Package{
                        Name: wit.PackageName{
                            Namespace: "foo",
                            Name:      "foo",
                            Version:   (*semver.Version)(nil),
                            _node:     wit._node{},
                        },
                        Interfaces: {
                            "a1": &wit.Interface{(CYCLIC REFERENCE)},
                            "a2": &wit.Interface{
                                Name:       &"a2",
                                TypeDefs:   {},
                                Functions:  {},
                                Package:    &wit.Package{(CYCLIC REFERENCE)},
                                Docs:       wit.Docs{},
                                _typeOwner: wit._typeOwner{},
                                _worldItem: wit._worldItem{},
                            },
                            "b1": &wit.Interface{
                                Name:       &"b1",
                                TypeDefs:   {},
                                Functions:  {},
                                Package:    &wit.Package{(CYCLIC REFERENCE)},
                                Docs:       wit.Docs{},
                                _typeOwner: wit._typeOwner{},
                                _worldItem: wit._worldItem{},
                            },
                            "b2": &wit.Interface{
                                Name:       &"b2",
                                TypeDefs:   {},
                                Functions:  {},
                                Package:    &wit.Package{(CYCLIC REFERENCE)},
                                Docs:       wit.Docs{},
                                _typeOwner: wit._typeOwner{},
                                _worldItem: wit._worldItem{},
                            },
                            "c": &wit.Interface{
                                Name:       &"c",
                                TypeDefs:   {},
                                Functions:  {},
                                Package:    &wit.Package{(CYCLIC REFERENCE)},
                                Docs:       wit.Docs{},
                                _typeOwner: wit._typeOwner{},
                                _worldItem: wit._worldItem{},
                            },
                            "d": &wit.Interface{
                                Name:       &"d",
                                TypeDefs:   {},
                                Functions:  {},
                                Package:    &wit.Package{(CYCLIC REFERENCE)},
                                Docs:       wit.Docs{},
                                _typeOwner: wit._typeOwner{},
                                _worldItem: wit._worldItem{},
                            },
                        },
                        Worlds: {
                            "my-world-a": &wit.World{(CYCLIC REFERENCE)},
                            "my-world-b": &wit.World{
                                Name:    "my-world-b",
                                Imports: {
                                    "interface-0": &wit.Interface{(CYCLIC REFERENCE)},
                                    "interface-2": &wit.Interface{(CYCLIC REFERENCE)},
                                },
                                Exports:    {},
                                Package:    &wit.Package{(CYCLIC REFERENCE)},
                                Docs:       wit.Docs{},
                                _typeOwner: wit._typeOwner{},
                            },
                            "union-my-world": &wit.World{
                                Name:    "union-my-world",
                                Imports: {
                                    "interface-0": &wit.Interface{(CYCLIC REFERENCE)},
                                    "interface-2": &wit.Interface{(CYCLIC REFERENCE)},
                                },
                                Exports:    {},
                                Package:    &wit.Package{(CYCLIC REFERENCE)},
                                Docs:       wit.Docs{},
                                _typeOwner: wit._typeOwner{},
                            },
                        },
                        Docs: wit.Docs{},
                    },
                    Docs:       wit.Docs{},
                    _typeOwner: wit._typeOwner{},
                    _worldItem: wit._worldItem{},
                },
                "interface-2": &wit.Interface{
                    Name:      &"b1",
                    TypeDefs:  {},
                    Functions: {},
                    Package:   &wit.Package{
                        Name: wit.PackageName{
                            Namespace: "foo",
                            Name:      "foo",
                            Version:   (*semver.Version)(nil),
                            _node:     wit._node{},
                        },
                        Interfaces: {
                            "a1": &wit.Interface{(CYCLIC REFERENCE)},
                            "a2": &wit.Interface{
                                Name:       &"a2",
                                TypeDefs:   {},
                                Functions:  {},
                                Package:    &wit.Package{(CYCLIC REFERENCE)},
                                Docs:       wit.Docs{},
                                _typeOwner: wit._typeOwner{},
                                _worldItem: wit._worldItem{},
                            },
                            "b1": &wit.Interface{(CYCLIC REFERENCE)},
                            "b2": &wit.Interface{
                                Name:       &"b2",
                                TypeDefs:   {},
                                Functions:  {},
                                Package:    &wit.Package{(CYCLIC REFERENCE)},
                                Docs:       wit.Docs{},
                                _typeOwner: wit._typeOwner{},
                                _worldItem: wit._worldItem{},
                            },
                            "c": &wit.Interface{
                                Name:       &"c",
                                TypeDefs:   {},
                                Functions:  {},
                                Package:    &wit.Package{(CYCLIC REFERENCE)},
                                Docs:       wit.Docs{},
                                _typeOwner: wit._typeOwner{},
                                _worldItem: wit._worldItem{},
                            },
                            "d": &wit.Interface{
                                Name:       &"d",
                                TypeDefs:   {},
                                Functions:  {},
                                Package:    &wit.Package{(CYCLIC REFERENCE)},
                                Docs:       wit.Docs{},
                                _typeOwner: wit._typeOwner{},
                                _worldItem: wit._worldItem{},
                            },
                        },
                        Worlds: {
                            "my-world-a": &wit.World{(CYCLIC REFERENCE)},
                            "my-world-b": &wit.World{
                                Name:    "my-world-b",
                                Imports: {
                                    "interface-0": &wit.Interface{(CYCLIC REFERENCE)},
                                    "interface-2": &wit.Interface{(CYCLIC REFERENCE)},
                                },
                                Exports:    {},
                                Package:    &wit.Package{(CYCLIC REFERENCE)},
                                Docs:       wit.Docs{},
                                _typeOwner: wit._typeOwner{},
                            },
                            "union-my-world": &wit.World{
                                Name:    "union-my-world",
                                Imports: {
                                    "interface-0": &wit.Interface{(CYCLIC REFERENCE)},
                                    "interface-2": &wit.Interface{(CYCLIC REFERENCE)},
                                },
                                Exports:    {},
                                Package:    &wit.Package{(CYCLIC REFERENCE)},
                                Docs:       wit.Docs{},
                                _typeOwner: wit._typeOwner{},
                            },
                        },
                        Docs: wit.Docs{},
                    },
                    Docs:       wit.Docs{},
                    _typeOwner: wit._typeOwner{},
                    _worldItem: wit._worldItem{},
                },
            },
            Exports: {},
            Package: &wit.Package{
                Name: wit.PackageName{
                    Namespace: "foo",
                    Name:      "foo",
                    Version:   (*semver.Version)(nil),
                    _node:     wit._node{},
                },
                Interfaces: {
                    "a1": &wit.Interface{
                        Name:       &"a1",
                        TypeDefs:   {},
                        Functions:  {},
                        Package:    &wit.Package{(CYCLIC REFERENCE)},
                        Docs:       wit.Docs{},
                        _typeOwner: wit._typeOwner{},
                        _worldItem: wit._worldItem{},
                    },
                    "a2": &wit.Interface{
                        Name:       &"a2",
                        TypeDefs:   {},
                        Functions:  {},
                        Package:    &wit.Package{(CYCLIC REFERENCE)},
                        Docs:       wit.Docs{},
                        _typeOwner: wit._typeOwner{},
                        _worldItem: wit._worldItem{},
                    },
                    "b1": &wit.Interface{
                        Name:       &"b1",
                        TypeDefs:   {},
                        Functions:  {},
                        Package:    &wit.Package{(CYCLIC REFERENCE)},
                        Docs:       wit.Docs{},
                        _typeOwner: wit._typeOwner{},
                        _worldItem: wit._worldItem{},
                    },
                    "b2": &wit.Interface{
                        Name:       &"b2",
                        TypeDefs:   {},
                        Functions:  {},
                        Package:    &wit.Package{(CYCLIC REFERENCE)},
                        Docs:       wit.Docs{},
                        _typeOwner: wit._typeOwner{},
                        _worldItem: wit._worldItem{},
                    },
                    "c": &wit.Interface{
                        Name:       &"c",
                        TypeDefs:   {},
                        Functions:  {},
                        Package:    &wit.Package{(CYCLIC REFERENCE)},
                        Docs:       wit.Docs{},
                        _typeOwner: wit._typeOwner{},
                        _worldItem: wit._worldItem{},
                    },
                    "d": &wit.Interface{
                        Name:       &"d",
                        TypeDefs:   {},
                        Functions:  {},
                        Package:    &wit.Package{(CYCLIC REFERENCE)},
                        Docs:       wit.Docs{},
                        _typeOwner: wit._typeOwner{},
                        _worldItem: wit._worldItem{},
                    },
                },
                Worlds: {
                    "my-world-a": &wit.World{(CYCLIC REFERENCE)},
                    "my-world-b": &wit.World{
                        Name:    "my-world-b",
                        Imports: {
                            "interface-0": &wit.Interface{(CYCLIC REFERENCE)},
                            "interface-2": &wit.Interface{(CYCLIC REFERENCE)},
                        },
                        Exports:    {},
                        Package:    &wit.Package{(CYCLIC REFERENCE)},
                        Docs:       wit.Docs{},
                        _typeOwner: wit._typeOwner{},
                    },
                    "union-my-world": &wit.World{
                        Name:    "union-my-world",
                        Imports: {
                            "interface-0": &wit.Interface{(CYCLIC REFERENCE)},
                            "interface-2": &wit.Interface{(CYCLIC REFERENCE)},
                        },
                        Exports:    {},
                        Package:    &wit.Package{(CYCLIC REFERENCE)},
                        Docs:       wit.Docs{},
                        _typeOwner: wit._typeOwner{},
                    },
                },
                Docs: wit.Docs{},
            },
            Docs:       wit.Docs{},
            _typeOwner: wit._typeOwner{},
        },
        &wit.World{
            Name:    "my-world-b",
            Imports: {
                "interface-0": &wit.Interface{
                    Name:       &"a1",
                    TypeDefs:   {},
                    Functions:  {},
                    Package:    &wit.Package{(CYCLIC REFERENCE)},
                    Docs:       wit.Docs{},
                    _typeOwner: wit._typeOwner{},
                    _worldItem: wit._worldItem{},
                },
                "interface-2": &wit.Interface{
                    Name:       &"b1",
                    TypeDefs:   {},
                    Functions:  {},
                    Package:    &wit.Package{(CYCLIC REFERENCE)},
                    Docs:       wit.Docs{},
                    _typeOwner: wit._typeOwner{},
                    _worldItem: wit._worldItem{},
                },
            },
            Exports: {},
            Package: &wit.Package{
                Name: wit.PackageName{
                    Namespace: "foo",
                    Name:      "foo",
                    Version:   (*semver.Version)(nil),
                    _node:     wit._node{},
                },
                Interfaces: {
                    "a1": &wit.Interface{
                        Name:       &"a1",
                        TypeDefs:   {},
                        Functions:  {},
                        Package:    &wit.Package{(CYCLIC REFERENCE)},
                        Docs:       wit.Docs{},
                        _typeOwner: wit._typeOwner{},
                        _worldItem: wit._worldItem{},
                    },
                    "a2": &wit.Interface{
                        Name:       &"a2",
                        TypeDefs:   {},
                        Functions:  {},
                        Package:    &wit.Package{(CYCLIC REFERENCE)},
                        Docs:       wit.Docs{},
                        _typeOwner: wit._typeOwner{},
                        _worldItem: wit._worldItem{},
                    },
                    "b1": &wit.Interface{
                        Name:       &"b1",
                        TypeDefs:   {},
                        Functions:  {},
                        Package:    &wit.Package{(CYCLIC REFERENCE)},
                        Docs:       wit.Docs{},
                        _typeOwner: wit._typeOwner{},
                        _worldItem: wit._worldItem{},
                    },
                    "b2": &wit.Interface{
                        Name:       &"b2",
                        TypeDefs:   {},
                        Functions:  {},
                        Package:    &wit.Package{(CYCLIC REFERENCE)},
                        Docs:       wit.Docs{},
                        _typeOwner: wit._typeOwner{},
                        _worldItem: wit._worldItem{},
                    },
                    "c": &wit.Interface{
                        Name:       &"c",
                        TypeDefs:   {},
                        Functions:  {},
                        Package:    &wit.Package{(CYCLIC REFERENCE)},
                        Docs:       wit.Docs{},
                        _typeOwner: wit._typeOwner{},
                        _worldItem: wit._worldItem{},
                    },
                    "d": &wit.Interface{
                        Name:       &"d",
                        TypeDefs:   {},
                        Functions:  {},
                        Package:    &wit.Package{(CYCLIC REFERENCE)},
                        Docs:       wit.Docs{},
                        _typeOwner: wit._typeOwner{},
                        _worldItem: wit._worldItem{},
                    },
                },
                Worlds: {
                    "my-world-a":     &wit.World{(CYCLIC REFERENCE)},
                    "my-world-b":     &wit.World{(CYCLIC REFERENCE)},
                    "union-my-world": &wit.World{
                        Name:    "union-my-world",
                        Imports: {
                            "interface-0": &wit.Interface{(CYCLIC REFERENCE)},
                            "interface-2": &wit.Interface{(CYCLIC REFERENCE)},
                        },
                        Exports:    {},
                        Package:    &wit.Package{(CYCLIC REFERENCE)},
                        Docs:       wit.Docs{},
                        _typeOwner: wit._typeOwner{},
                    },
                },
                Docs: wit.Docs{},
            },
            Docs:       wit.Docs{},
            _typeOwner: wit._typeOwner{},
        },
        &wit.World{
            Name:    "union-my-world",
            Imports: {
                "interface-0": &wit.Interface{
                    Name:       &"a1",
                    TypeDefs:   {},
                    Functions:  {},
                    Package:    &wit.Package{(CYCLIC REFERENCE)},
                    Docs:       wit.Docs{},
                    _typeOwner: wit._typeOwner{},
                    _worldItem: wit._worldItem{},
                },
                "interface-2": &wit.Interface{
                    Name:       &"b1",
                    TypeDefs:   {},
                    Functions:  {},
                    Package:    &wit.Package{(CYCLIC REFERENCE)},
                    Docs:       wit.Docs{},
                    _typeOwner: wit._typeOwner{},
                    _worldItem: wit._worldItem{},
                },
            },
            Exports: {},
            Package: &wit.Package{
                Name: wit.PackageName{
                    Namespace: "foo",
                    Name:      "foo",
                    Version:   (*semver.Version)(nil),
                    _node:     wit._node{},
                },
                Interfaces: {
                    "a1": &wit.Interface{
                        Name:       &"a1",
                        TypeDefs:   {},
                        Functions:  {},
                        Package:    &wit.Package{(CYCLIC REFERENCE)},
                        Docs:       wit.Docs{},
                        _typeOwner: wit._typeOwner{},
                        _worldItem: wit._worldItem{},
                    },
                    "a2": &wit.Interface{
                        Name:       &"a2",
                        TypeDefs:   {},
                        Functions:  {},
                        Package:    &wit.Package{(CYCLIC REFERENCE)},
                        Docs:       wit.Docs{},
                        _typeOwner: wit._typeOwner{},
                        _worldItem: wit._worldItem{},
                    },
                    "b1": &wit.Interface{
                        Name:       &"b1",
                        TypeDefs:   {},
                        Functions:  {},
                        Package:    &wit.Package{(CYCLIC REFERENCE)},
                        Docs:       wit.Docs{},
                        _typeOwner: wit._typeOwner{},
                        _worldItem: wit._worldItem{},
                    },
                    "b2": &wit.Interface{
                        Name:       &"b2",
                        TypeDefs:   {},
                        Functions:  {},
                        Package:    &wit.Package{(CYCLIC REFERENCE)},
                        Docs:       wit.Docs{},
                        _typeOwner: wit._typeOwner{},
                        _worldItem: wit._worldItem{},
                    },
                    "c": &wit.Interface{
                        Name:       &"c",
                        TypeDefs:   {},
                        Functions:  {},
                        Package:    &wit.Package{(CYCLIC REFERENCE)},
                        Docs:       wit.Docs{},
                        _typeOwner: wit._typeOwner{},
                        _worldItem: wit._worldItem{},
                    },
                    "d": &wit.Interface{
                        Name:       &"d",
                        TypeDefs:   {},
                        Functions:  {},
                        Package:    &wit.Package{(CYCLIC REFERENCE)},
                        Docs:       wit.Docs{},
                        _typeOwner: wit._typeOwner{},
                        _worldItem: wit._worldItem{},
                    },
                },
                Worlds: {
                    "my-world-a":     &wit.World{(CYCLIC REFERENCE)},
                    "my-world-b":     &wit.World{(CYCLIC REFERENCE)},
                    "union-my-world": &wit.World{(CYCLIC REFERENCE)},
                },
                Docs: wit.Docs{},
            },
            Docs:       wit.Docs{},
            _typeOwner: wit._typeOwner{},
        },
    },
    Interfaces: {
        &wit.Interface{
            Name:      &"a1",
            TypeDefs:  {},
            Functions: {},
            Package:   &wit.Package{
                Name: wit.PackageName{
                    Namespace: "foo",
                    Name:      "foo",
                    Version:   (*semver.Version)(nil),
                    _node:     wit._node{},
                },
                Interfaces: {
                    "a1": &wit.Interface{(CYCLIC REFERENCE)},
                    "a2": &wit.Interface{
                        Name:       &"a2",
                        TypeDefs:   {},
                        Functions:  {},
                        Package:    &wit.Package{(CYCLIC REFERENCE)},
                        Docs:       wit.Docs{},
                        _typeOwner: wit._typeOwner{},
                        _worldItem: wit._worldItem{},
                    },
                    "b1": &wit.Interface{
                        Name:       &"b1",
                        TypeDefs:   {},
                        Functions:  {},
                        Package:    &wit.Package{(CYCLIC REFERENCE)},
                        Docs:       wit.Docs{},
                        _typeOwner: wit._typeOwner{},
                        _worldItem: wit._worldItem{},
                    },
                    "b2": &wit.Interface{
                        Name:       &"b2",
                        TypeDefs:   {},
                        Functions:  {},
                        Package:    &wit.Package{(CYCLIC REFERENCE)},
                        Docs:       wit.Docs{},
                        _typeOwner: wit._typeOwner{},
                        _worldItem: wit._worldItem{},
                    },
                    "c": &wit.Interface{
                        Name:       &"c",
                        TypeDefs:   {},
                        Functions:  {},
                        Package:    &wit.Package{(CYCLIC REFERENCE)},
                        Docs:       wit.Docs{},
                        _typeOwner: wit._typeOwner{},
                        _worldItem: wit._worldItem{},
                    },
                    "d": &wit.Interface{
                        Name:       &"d",
                        TypeDefs:   {},
                        Functions:  {},
                        Package:    &wit.Package{(CYCLIC REFERENCE)},
                        Docs:       wit.Docs{},
                        _typeOwner: wit._typeOwner{},
                        _worldItem: wit._worldItem{},
                    },
                },
                Worlds: {
                    "my-world-a":     &wit.World{(CYCLIC REFERENCE)},
                    "my-world-b":     &wit.World{(CYCLIC REFERENCE)},
                    "union-my-world": &wit.World{(CYCLIC REFERENCE)},
                },
                Docs: wit.Docs{},
            },
            Docs:       wit.Docs{},
            _typeOwner: wit._typeOwner{},
            _worldItem: wit._worldItem{},
        },
        &wit.Interface{
            Name:      &"a2",
            TypeDefs:  {},
            Functions: {},
            Package:   &wit.Package{
                Name: wit.PackageName{
                    Namespace: "foo",
                    Name:      "foo",
                    Version:   (*semver.Version)(nil),
                    _node:     wit._node{},
                },
                Interfaces: {
                    "a1": &wit.Interface{(CYCLIC REFERENCE)},
                    "a2": &wit.Interface{(CYCLIC REFERENCE)},
                    "b1": &wit.Interface{
                        Name:       &"b1",
                        TypeDefs:   {},
                        Functions:  {},
                        Package:    &wit.Package{(CYCLIC REFERENCE)},
                        Docs:       wit.Docs{},
                        _typeOwner: wit._typeOwner{},
                        _worldItem: wit._worldItem{},
                    },
                    "b2": &wit.Interface{
                        Name:       &"b2",
                        TypeDefs:   {},
                        Functions:  {},
                        Package:    &wit.Package{(CYCLIC REFERENCE)},
                        Docs:       wit.Docs{},
                        _typeOwner: wit._typeOwner{},
                        _worldItem: wit._worldItem{},
                    },
                    "c": &wit.Interface{
                        Name:       &"c",
                        TypeDefs:   {},
                        Functions:  {},
                        Package:    &wit.Package{(CYCLIC REFERENCE)},
                        Docs:       wit.Docs{},
                        _typeOwner: wit._typeOwner{},
                        _worldItem: wit._worldItem{},
                    },
                    "d": &wit.Interface{
                        Name:       &"d",
                        TypeDefs:   {},
                        Functions:  {},
                        Package:    &wit.Package{(CYCLIC REFERENCE)},
                        Docs:       wit.Docs{},
                        _typeOwner: wit._typeOwner{},
                        _worldItem: wit._worldItem{},
                    },
                },
                Worlds: {
                    "my-world-a":     &wit.World{(CYCLIC REFERENCE)},
                    "my-world-b":     &wit.World{(CYCLIC REFERENCE)},
                    "union-my-world": &wit.World{(CYCLIC REFERENCE)},
                },
                Docs: wit.Docs{},
            },
            Docs:       wit.Docs{},
            _typeOwner: wit._typeOwner{},
            _worldItem: wit._worldItem{},
        },
        &wit.Interface{
            Name:      &"b1",
            TypeDefs:  {},
            Functions: {},
            Package:   &wit.Package{
                Name: wit.PackageName{
                    Namespace: "foo",
                    Name:      "foo",
                    Version:   (*semver.Version)(nil),
                    _node:     wit._node{},
                },
                Interfaces: {
                    "a1": &wit.Interface{(CYCLIC REFERENCE)},
                    "a2": &wit.Interface{(CYCLIC REFERENCE)},
                    "b1": &wit.Interface{(CYCLIC REFERENCE)},
                    "b2": &wit.Interface{
                        Name:       &"b2",
                        TypeDefs:   {},
                        Functions:  {},
                        Package:    &wit.Package{(CYCLIC REFERENCE)},
                        Docs:       wit.Docs{},
                        _typeOwner: wit._typeOwner{},
                        _worldItem: wit._worldItem{},
                    },
                    "c": &wit.Interface{
                        Name:       &"c",
                        TypeDefs:   {},
                        Functions:  {},
                        Package:    &wit.Package{(CYCLIC REFERENCE)},
                        Docs:       wit.Docs{},
                        _typeOwner: wit._typeOwner{},
                        _worldItem: wit._worldItem{},
                    },
                    "d": &wit.Interface{
                        Name:       &"d",
                        TypeDefs:   {},
                        Functions:  {},
                        Package:    &wit.Package{(CYCLIC REFERENCE)},
                        Docs:       wit.Docs{},
                        _typeOwner: wit._typeOwner{},
                        _worldItem: wit._worldItem{},
                    },
                },
                Worlds: {
                    "my-world-a":     &wit.World{(CYCLIC REFERENCE)},
                    "my-world-b":     &wit.World{(CYCLIC REFERENCE)},
                    "union-my-world": &wit.World{(CYCLIC REFERENCE)},
                },
                Docs: wit.Docs{},
            },
            Docs:       wit.Docs{},
            _typeOwner: wit._typeOwner{},
            _worldItem: wit._worldItem{},
        },
        &wit.Interface{
            Name:      &"b2",
            TypeDefs:  {},
            Functions: {},
            Package:   &wit.Package{
                Name: wit.PackageName{
                    Namespace: "foo",
                    Name:      "foo",
                    Version:   (*semver.Version)(nil),
                    _node:     wit._node{},
                },
                Interfaces: {
                    "a1": &wit.Interface{(CYCLIC REFERENCE)},
                    "a2": &wit.Interface{(CYCLIC REFERENCE)},
                    "b1": &wit.Interface{(CYCLIC REFERENCE)},
                    "b2": &wit.Interface{(CYCLIC REFERENCE)},
                    "c":  &wit.Interface{
                        Name:       &"c",
                        TypeDefs:   {},
                        Functions:  {},
                        Package:    &wit.Package{(CYCLIC REFERENCE)},
                        Docs:       wit.Docs{},
                        _typeOwner: wit._typeOwner{},
                        _worldItem: wit._worldItem{},
                    },
                    "d": &wit.Interface{
                        Name:       &"d",
                        TypeDefs:   {},
                        Functions:  {},
                        Package:    &wit.Package{(CYCLIC REFERENCE)},
                        Docs:       wit.Docs{},
                        _typeOwner: wit._typeOwner{},
                        _worldItem: wit._worldItem{},
                    },
                },
                Worlds: {
                    "my-world-a":     &wit.World{(CYCLIC REFERENCE)},
                    "my-world-b":     &wit.World{(CYCLIC REFERENCE)},
                    "union-my-world": &wit.World{(CYCLIC REFERENCE)},
                },
                Docs: wit.Docs{},
            },
            Docs:       wit.Docs{},
            _typeOwner: wit._typeOwner{},
            _worldItem: wit._worldItem{},
        },
        &wit.Interface{
            Name:      &"c",
            TypeDefs:  {},
            Functions: {},
            Package:   &wit.Package{
                Name: wit.PackageName{
                    Namespace: "foo",
                    Name:      "foo",
                    Version:   (*semver.Version)(nil),
                    _node:     wit._node{},
                },
                Interfaces: {
                    "a1": &wit.Interface{(CYCLIC REFERENCE)},
                    "a2": &wit.Interface{(CYCLIC REFERENCE)},
                    "b1": &wit.Interface{(CYCLIC REFERENCE)},
                    "b2": &wit.Interface{(CYCLIC REFERENCE)},
                    "c":  &wit.Interface{(CYCLIC REFERENCE)},
                    "d":  &wit.Interface{
                        Name:       &"d",
                        TypeDefs:   {},
                        Functions:  {},
                        Package:    &wit.Package{(CYCLIC REFERENCE)},
                        Docs:       wit.Docs{},
                        _typeOwner: wit._typeOwner{},
                        _worldItem: wit._worldItem{},
                    },
                },
                Worlds: {
                    "my-world-a":     &wit.World{(CYCLIC REFERENCE)},
                    "my-world-b":     &wit.World{(CYCLIC REFERENCE)},
                    "union-my-world": &wit.World{(CYCLIC REFERENCE)},
                },
                Docs: wit.Docs{},
            },
            Docs:       wit.Docs{},
            _typeOwner: wit._typeOwner{},
            _worldItem: wit._worldItem{},
        },
        &wit.Interface{
            Name:      &"d",
            TypeDefs:  {},
            Functions: {},
            Package:   &wit.Package{
                Name: wit.PackageName{
                    Namespace: "foo",
                    Name:      "foo",
                    Version:   (*semver.Version)(nil),
                    _node:     wit._node{},
                },
                Interfaces: {
                    "a1": &wit.Interface{(CYCLIC REFERENCE)},
                    "a2": &wit.Interface{(CYCLIC REFERENCE)},
                    "b1": &wit.Interface{(CYCLIC REFERENCE)},
                    "b2": &wit.Interface{(CYCLIC REFERENCE)},
                    "c":  &wit.Interface{(CYCLIC REFERENCE)},
                    "d":  &wit.Interface{(CYCLIC REFERENCE)},
                },
                Worlds: {
                    "my-world-a":     &wit.World{(CYCLIC REFERENCE)},
                    "my-world-b":     &wit.World{(CYCLIC REFERENCE)},
                    "union-my-world": &wit.World{(CYCLIC REFERENCE)},
                },
                Docs: wit.Docs{},
            },
            Docs:       wit.Docs{},
            _typeOwner: wit._typeOwner{},
            _worldItem: wit._worldItem{},
        },
    },
    TypeDefs: nil,
    Packages: {
        &wit.Package{
            Name: wit.PackageName{
                Namespace: "foo",
                Name:      "foo",
                Version:   (*semver.Version)(nil),
                _node:     wit._node{},
            },
            Interfaces: {
                "a1": &wit.Interface{(CYCLIC REFERENCE)},
                "a2": &wit.Interface{(CYCLIC REFERENCE)},
                "b1": &wit.Interface{(CYCLIC REFERENCE)},
                "b2": &wit.Interface{(CYCLIC REFERENCE)},
                "c":  &wit.Interface{(CYCLIC REFERENCE)},
                "d":  &wit.Interface{(CYCLIC REFERENCE)},
            },
            Worlds: {
                "my-world-a":     &wit.World{(CYCLIC REFERENCE)},
                "my-world-b":     &wit.World{(CYCLIC REFERENCE)},
                "union-my-world": &wit.World{(CYCLIC REFERENCE)},
            },
            Docs: wit.Docs{},
        },
    },
}