&wit.Resolve{
    Worlds: {
        &wit.World{
            Name:    "foo",
            Imports: {
                "interface-0": &wit.Interface{
                    Name:     &"shared-items",
                    TypeDefs: {
                        "a": &wit.TypeDef{
                            Name:       &"a",
                            Kind:       wit.U32{},
                            Owner:      &wit.Interface{(CYCLIC REFERENCE)},
                            Docs:       wit.Docs{},
                            _worldItem: wit._worldItem{},
                            _type:      wit._type{},
                        },
                    },
                    Functions: {},
                    Package:   &wit.Package{
                        Name: wit.PackageName{
                            Namespace: "foo",
                            Name:      "foo",
                            Version:   (*semver.Version)(nil),
                        },
                        Interfaces: {
                            "shared-items": &wit.Interface{(CYCLIC REFERENCE)},
                        },
                        Worlds: {
                            "foo": &wit.World{(CYCLIC REFERENCE)},
                        },
                        Docs: wit.Docs{},
                    },
                    Docs:       wit.Docs{},
                    _worldItem: wit._worldItem{},
                    _typeOwner: wit._typeOwner{},
                },
                "shared-items": &wit.Interface{
                    Name:      (*string)(nil),
                    TypeDefs:  {},
                    Functions: {},
                    Package:   &wit.Package{
                        Name: wit.PackageName{
                            Namespace: "foo",
                            Name:      "foo",
                            Version:   (*semver.Version)(nil),
                        },
                        Interfaces: {
                            "shared-items": &wit.Interface{(CYCLIC REFERENCE)},
                        },
                        Worlds: {
                            "foo": &wit.World{(CYCLIC REFERENCE)},
                        },
                        Docs: wit.Docs{},
                    },
                    Docs:       wit.Docs{},
                    _worldItem: wit._worldItem{},
                    _typeOwner: wit._typeOwner{},
                },
            },
            Exports: {
                "a-name": &wit.Interface{
                    Name:     (*string)(nil),
                    TypeDefs: {
                        "a": &wit.TypeDef{
                            Name:       &"a",
                            Kind:       &wit.TypeDef{(CYCLIC REFERENCE)},
                            Owner:      &wit.Interface{(CYCLIC REFERENCE)},
                            Docs:       wit.Docs{},
                            _worldItem: wit._worldItem{},
                            _type:      wit._type{},
                        },
                    },
                    Functions: {},
                    Package:   &wit.Package{
                        Name: wit.PackageName{
                            Namespace: "foo",
                            Name:      "foo",
                            Version:   (*semver.Version)(nil),
                        },
                        Interfaces: {
                            "shared-items": &wit.Interface{(CYCLIC REFERENCE)},
                        },
                        Worlds: {
                            "foo": &wit.World{(CYCLIC REFERENCE)},
                        },
                        Docs: wit.Docs{},
                    },
                    Docs:       wit.Docs{},
                    _worldItem: wit._worldItem{},
                    _typeOwner: wit._typeOwner{},
                },
            },
            Package:    (*wit.Package)(nil),
            Docs:       wit.Docs{},
            _typeOwner: wit._typeOwner{},
        },
    },
    Interfaces: {
        &wit.Interface{
            Name:     &"shared-items",
            TypeDefs: {
                "a": &wit.TypeDef{
                    Name:       &"a",
                    Kind:       wit.U32{},
                    Owner:      &wit.Interface{(CYCLIC REFERENCE)},
                    Docs:       wit.Docs{},
                    _worldItem: wit._worldItem{},
                    _type:      wit._type{},
                },
            },
            Functions: {},
            Package:   &wit.Package{
                Name: wit.PackageName{
                    Namespace: "foo",
                    Name:      "foo",
                    Version:   (*semver.Version)(nil),
                },
                Interfaces: {
                    "shared-items": &wit.Interface{(CYCLIC REFERENCE)},
                },
                Worlds: {
                    "foo": &wit.World{(CYCLIC REFERENCE)},
                },
                Docs: wit.Docs{},
            },
            Docs:       wit.Docs{},
            _worldItem: wit._worldItem{},
            _typeOwner: wit._typeOwner{},
        },
        &wit.Interface{
            Name:      (*string)(nil),
            TypeDefs:  {},
            Functions: {},
            Package:   &wit.Package{
                Name: wit.PackageName{
                    Namespace: "foo",
                    Name:      "foo",
                    Version:   (*semver.Version)(nil),
                },
                Interfaces: {
                    "shared-items": &wit.Interface{(CYCLIC REFERENCE)},
                },
                Worlds: {
                    "foo": &wit.World{(CYCLIC REFERENCE)},
                },
                Docs: wit.Docs{},
            },
            Docs:       wit.Docs{},
            _worldItem: wit._worldItem{},
            _typeOwner: wit._typeOwner{},
        },
        &wit.Interface{
            Name:     (*string)(nil),
            TypeDefs: {
                "a": &wit.TypeDef{
                    Name:       &"a",
                    Kind:       &wit.TypeDef{(CYCLIC REFERENCE)},
                    Owner:      &wit.Interface{(CYCLIC REFERENCE)},
                    Docs:       wit.Docs{},
                    _worldItem: wit._worldItem{},
                    _type:      wit._type{},
                },
            },
            Functions: {},
            Package:   &wit.Package{
                Name: wit.PackageName{
                    Namespace: "foo",
                    Name:      "foo",
                    Version:   (*semver.Version)(nil),
                },
                Interfaces: {
                    "shared-items": &wit.Interface{(CYCLIC REFERENCE)},
                },
                Worlds: {
                    "foo": &wit.World{(CYCLIC REFERENCE)},
                },
                Docs: wit.Docs{},
            },
            Docs:       wit.Docs{},
            _worldItem: wit._worldItem{},
            _typeOwner: wit._typeOwner{},
        },
    },
    TypeDefs: {
        &wit.TypeDef{
            Name:       &"a",
            Kind:       wit.U32{},
            Owner:      &wit.Interface{(CYCLIC REFERENCE)},
            Docs:       wit.Docs{},
            _worldItem: wit._worldItem{},
            _type:      wit._type{},
        },
        &wit.TypeDef{
            Name:       &"a",
            Kind:       &wit.TypeDef{(CYCLIC REFERENCE)},
            Owner:      &wit.Interface{(CYCLIC REFERENCE)},
            Docs:       wit.Docs{},
            _worldItem: wit._worldItem{},
            _type:      wit._type{},
        },
    },
    Packages: {
        &wit.Package{
            Name: wit.PackageName{
                Namespace: "foo",
                Name:      "foo",
                Version:   (*semver.Version)(nil),
            },
            Interfaces: {
                "shared-items": &wit.Interface{(CYCLIC REFERENCE)},
            },
            Worlds: {
                "foo": &wit.World{(CYCLIC REFERENCE)},
            },
            Docs: wit.Docs{},
        },
    },
}