&wit.Resolve{
  Worlds: []*wit.World{
    &wit.World{
      Name:    "the-world",
      Imports: map[string]wit.WorldItem{
        "bar": &wit.Interface{
          Name:     (*string)(nil),
          TypeDefs: map[string]*wit.TypeDef{
            "a": &wit.TypeDef{
              Name: &"a",
              Kind: &wit.TypeDef{
                Name:  &"a",
                Kind:  wit.U32{},
                Owner: &wit.Interface{
                  Name:     &"foo",
                  TypeDefs: map[string]*wit.TypeDef{
                    "a": &wit.TypeDef{...},
                  },
                  Functions: map[string]*wit.Function{},
                  Package:   &wit.Package{
                    Name: wit.PackageName{
                      Namespace: "foo",
                      Name:      "foo",
                      Version:   (*semver.Version)(nil),
                    },
                    Interfaces: map[string]*wit.Interface{
                      "foo": &wit.Interface{...},
                    },
                    Worlds: map[string]*wit.World{
                      "the-world": &wit.World{...},
                    },
                    Docs: wit.Docs{
                      Contents: "",
                    },
                  },
                  Docs: wit.Docs{
                    Contents: "",
                  },
                },
                Docs: wit.Docs{
                  Contents: "",
                },
              },
              Owner: &wit.Interface{...},
              Docs:  wit.Docs{
                Contents: "",
              },
            },
          },
          Functions: map[string]*wit.Function{},
          Package:   &wit.Package{...},
          Docs:      wit.Docs{
            Contents: "",
          },
        },
        "foo": &wit.Interface{
          Name:      (*string)(nil),
          TypeDefs:  map[string]*wit.TypeDef{},
          Functions: map[string]*wit.Function{},
          Package:   &wit.Package{...},
          Docs:      wit.Docs{
            Contents: "",
          },
        },
        "interface-0": &wit.Interface{...},
      },
      Exports: map[string]wit.WorldItem{},
      Package: &wit.Package{...},
      Docs:    wit.Docs{
        Contents: "",
      },
    },
  },
  Interfaces: []*wit.Interface{
    &wit.Interface{...},
    &wit.Interface{...},
    &wit.Interface{...},
  },
  TypeDefs: []*wit.TypeDef{
    &wit.TypeDef{...},
    &wit.TypeDef{...},
  },
  Packages: []*wit.Package{
    &wit.Package{...},
  },
}