&wit.Resolve{
  Worlds: []*wit.World{
    &wit.World{
      Name:    "bar",
      Imports: map[string]wit.WorldItem{
        "foo": &wit.Function{
          Name:    "foo",
          Kind:    &wit.Freestanding{},
          Params:  []wit.Param(nil),
          Results: []wit.Param(nil),
          Docs:    wit.Docs{
            Contents: "",
          },
        },
        "interface-0": &wit.Interface{
          Name:     &"foo",
          TypeDefs: map[string]*wit.TypeDef{
            "t": &wit.TypeDef{
              Name:  &"t",
              Kind:  wit.U32{},
              Owner: &wit.Interface{...},
              Docs:  wit.Docs{
                Contents: "",
              },
            },
          },
          Functions: map[string]*wit.Function{},
          Package:   &wit.Package{
            Name: wit.PackageName{
              Namespace: "foo",
              Name:      "foo",
              Version:   (*semver.Version)(nil),
            },
            Interfaces: map[string]*wit.Interface{
              "foo": &wit.Interface{...},
            },
            Worlds: map[string]*wit.World{
              "bar": &wit.World{...},
            },
            Docs: wit.Docs{
              Contents: "",
            },
          },
          Docs: wit.Docs{
            Contents: "",
          },
        },
        "t": &wit.TypeDef{
          Name:  &"t",
          Kind:  &wit.TypeDef{...},
          Owner: &wit.World{...},
          Docs:  wit.Docs{
            Contents: "",
          },
        },
      },
      Exports: map[string]wit.WorldItem{},
      Package: (*wit.Package)(nil),
      Docs:    wit.Docs{
        Contents: "",
      },
    },
  },
  Interfaces: []*wit.Interface{
    &wit.Interface{...},
  },
  TypeDefs: []*wit.TypeDef{
    &wit.TypeDef{...},
    &wit.TypeDef{...},
  },
  Packages: []*wit.Package{
    &wit.Package{...},
  },
}